Component: ARM Compiler 5.06 update 3 (build 300) Tool: armlink [4d35c9]

==============================================================================

Section Cross References

    system_stm32f10x.o(i.SetSysClock) refers to system_stm32f10x.o(i.SetSysClockTo72) for SetSysClockTo72
    system_stm32f10x.o(i.SystemCoreClockUpdate) refers to system_stm32f10x.o(.data) for SystemCoreClock
    system_stm32f10x.o(i.SystemInit) refers to system_stm32f10x.o(i.SetSysClock) for SetSysClock
    startup_stm32f10x_hd.o(RESET) refers to startup_stm32f10x_hd.o(STACK) for __initial_sp
    startup_stm32f10x_hd.o(RESET) refers to startup_stm32f10x_hd.o(.text) for Reset_Handler
    startup_stm32f10x_hd.o(RESET) refers to stm32f10x_it.o(i.NMI_Handler) for NMI_Handler
    startup_stm32f10x_hd.o(RESET) refers to stm32f10x_it.o(i.HardFault_Handler) for HardFault_Handler
    startup_stm32f10x_hd.o(RESET) refers to stm32f10x_it.o(i.MemManage_Handler) for MemManage_Handler
    startup_stm32f10x_hd.o(RESET) refers to stm32f10x_it.o(i.BusFault_Handler) for BusFault_Handler
    startup_stm32f10x_hd.o(RESET) refers to stm32f10x_it.o(i.UsageFault_Handler) for UsageFault_Handler
    startup_stm32f10x_hd.o(RESET) refers to port.o(.emb_text) for vPortSVCHandler
    startup_stm32f10x_hd.o(RESET) refers to stm32f10x_it.o(i.DebugMon_Handler) for DebugMon_Handler
    startup_stm32f10x_hd.o(RESET) refers to port.o(i.xPortSysTickHandler) for xPortSysTickHandler
    startup_stm32f10x_hd.o(RESET) refers to isr.o(i.DMA1_Channel2_IRQHandler) for DMA1_Channel2_IRQHandler
    startup_stm32f10x_hd.o(RESET) refers to isr.o(i.DMA1_Channel4_IRQHandler) for DMA1_Channel4_IRQHandler
    startup_stm32f10x_hd.o(RESET) refers to isr.o(i.DMA1_Channel7_IRQHandler) for DMA1_Channel7_IRQHandler
    startup_stm32f10x_hd.o(RESET) refers to isr.o(i.USART1_IRQHandler) for USART1_IRQHandler
    startup_stm32f10x_hd.o(RESET) refers to isr.o(i.USART2_IRQHandler) for USART2_IRQHandler
    startup_stm32f10x_hd.o(RESET) refers to isr.o(i.USART3_IRQHandler) for USART3_IRQHandler
    startup_stm32f10x_hd.o(.text) refers to system_stm32f10x.o(i.SystemInit) for SystemInit
    startup_stm32f10x_hd.o(.text) refers to entry.o(.ARM.Collect$$$$00000000) for __main
    stm32f10x_dac.o(i.DAC_DeInit) refers to stm32f10x_rcc.o(i.RCC_APB1PeriphResetCmd) for RCC_APB1PeriphResetCmd
    stm32f10x_gpio.o(i.GPIO_AFIODeInit) refers to stm32f10x_rcc.o(i.RCC_APB2PeriphResetCmd) for RCC_APB2PeriphResetCmd
    stm32f10x_gpio.o(i.GPIO_DeInit) refers to stm32f10x_rcc.o(i.RCC_APB2PeriphResetCmd) for RCC_APB2PeriphResetCmd
    stm32f10x_rcc.o(i.RCC_GetClocksFreq) refers to stm32f10x_rcc.o(.data) for APBAHBPrescTable
    stm32f10x_rcc.o(i.RCC_WaitForHSEStartUp) refers to stm32f10x_rcc.o(i.RCC_GetFlagStatus) for RCC_GetFlagStatus
    stm32f10x_tim.o(i.TIM_DeInit) refers to stm32f10x_rcc.o(i.RCC_APB2PeriphResetCmd) for RCC_APB2PeriphResetCmd
    stm32f10x_tim.o(i.TIM_DeInit) refers to stm32f10x_rcc.o(i.RCC_APB1PeriphResetCmd) for RCC_APB1PeriphResetCmd
    stm32f10x_tim.o(i.TIM_ETRClockMode1Config) refers to stm32f10x_tim.o(i.TIM_ETRConfig) for TIM_ETRConfig
    stm32f10x_tim.o(i.TIM_ETRClockMode2Config) refers to stm32f10x_tim.o(i.TIM_ETRConfig) for TIM_ETRConfig
    stm32f10x_tim.o(i.TIM_ICInit) refers to stm32f10x_tim.o(i.TI1_Config) for TI1_Config
    stm32f10x_tim.o(i.TIM_ICInit) refers to stm32f10x_tim.o(i.TIM_SetIC1Prescaler) for TIM_SetIC1Prescaler
    stm32f10x_tim.o(i.TIM_ICInit) refers to stm32f10x_tim.o(i.TI2_Config) for TI2_Config
    stm32f10x_tim.o(i.TIM_ICInit) refers to stm32f10x_tim.o(i.TIM_SetIC2Prescaler) for TIM_SetIC2Prescaler
    stm32f10x_tim.o(i.TIM_ICInit) refers to stm32f10x_tim.o(i.TI3_Config) for TI3_Config
    stm32f10x_tim.o(i.TIM_ICInit) refers to stm32f10x_tim.o(i.TIM_SetIC3Prescaler) for TIM_SetIC3Prescaler
    stm32f10x_tim.o(i.TIM_ICInit) refers to stm32f10x_tim.o(i.TI4_Config) for TI4_Config
    stm32f10x_tim.o(i.TIM_ICInit) refers to stm32f10x_tim.o(i.TIM_SetIC4Prescaler) for TIM_SetIC4Prescaler
    stm32f10x_tim.o(i.TIM_ITRxExternalClockConfig) refers to stm32f10x_tim.o(i.TIM_SelectInputTrigger) for TIM_SelectInputTrigger
    stm32f10x_tim.o(i.TIM_PWMIConfig) refers to stm32f10x_tim.o(i.TI1_Config) for TI1_Config
    stm32f10x_tim.o(i.TIM_PWMIConfig) refers to stm32f10x_tim.o(i.TIM_SetIC1Prescaler) for TIM_SetIC1Prescaler
    stm32f10x_tim.o(i.TIM_PWMIConfig) refers to stm32f10x_tim.o(i.TI2_Config) for TI2_Config
    stm32f10x_tim.o(i.TIM_PWMIConfig) refers to stm32f10x_tim.o(i.TIM_SetIC2Prescaler) for TIM_SetIC2Prescaler
    stm32f10x_tim.o(i.TIM_TIxExternalClockConfig) refers to stm32f10x_tim.o(i.TI2_Config) for TI2_Config
    stm32f10x_tim.o(i.TIM_TIxExternalClockConfig) refers to stm32f10x_tim.o(i.TI1_Config) for TI1_Config
    stm32f10x_tim.o(i.TIM_TIxExternalClockConfig) refers to stm32f10x_tim.o(i.TIM_SelectInputTrigger) for TIM_SelectInputTrigger
[...]
    printf5.o(i.__0vprintf$5) refers to bsp_usart.o(i.fputc) for fputc
    printf5.o(i.__0vprintf$5) refers to stdout.o(.data) for __stdout
    printf5.o(i.__0vsnprintf$5) refers to printf5.o(i._printf_core) for _printf_core
    printf5.o(i.__0vsnprintf$5) refers to printf5.o(i._snputc) for _snputc
    printf5.o(i.__0vsprintf$5) refers to printf5.o(i._printf_core) for _printf_core
    printf5.o(i.__0vsprintf$5) refers to printf5.o(i._sputc) for _sputc
    printf5.o(i._printf_core) refers to uldiv.o(.text) for __aeabi_uldivmod
    printf6.o(i.__0fprintf$6) refers to printf6.o(i._printf_core) for _printf_core
    printf6.o(i.__0fprintf$6) refers to bsp_usart.o(i.fputc) for fputc
    printf6.o(i.__0printf$6) refers to printf6.o(i._printf_core) for _printf_core
    printf6.o(i.__0printf$6) refers to bsp_usart.o(i.fputc) for fputc
    printf6.o(i.__0printf$6) refers to stdout.o(.data) for __stdout
    printf6.o(i.__0snprintf$6) refers to printf6.o(i._printf_core) for _printf_core
    printf6.o(i.__0snprintf$6) refers to printf6.o(i._snputc) for _snputc
    printf6.o(i.__0sprintf$6) refers to printf6.o(i._printf_core) for _printf_core
    printf6.o(i.__0sprintf$6) refers to printf6.o(i._sputc) for _sputc
    printf6.o(i.__0vfprintf$6) refers to printf6.o(i._printf_core) for _printf_core
    printf6.o(i.__0vfprintf$6) refers to bsp_usart.o(i.fputc) for fputc
    printf6.o(i.__0vprintf$6) refers to printf6.o(i._printf_core) for _printf_core
    printf6.o(i.__0vprintf$6) refers to bsp_usart.o(i.fputc) for fputc
    printf6.o(i.__0vprintf$6) refers to stdout.o(.data) for __stdout
    printf6.o(i.__0vsnprintf$6) refers to printf6.o(i._printf_core) for _printf_core
    printf6.o(i.__0vsnprintf$6) refers to printf6.o(i._snputc) for _snputc
    printf6.o(i.__0vsprintf$6) refers to printf6.o(i._printf_core) for _printf_core
    printf6.o(i.__0vsprintf$6) refers to printf6.o(i._sputc) for _sputc
    printf6.o(i._printf_core) refers to printf6.o(i._printf_pre_padding) for _printf_pre_padding
    printf6.o(i._printf_core) refers to uidiv.o(.text) for __aeabi_uidivmod
    printf6.o(i._printf_core) refers to printf6.o(i._printf_post_padding) for _printf_post_padding
    printf7.o(i.__0fprintf$7) refers to printf7.o(i._printf_core) for _printf_core
    printf7.o(i.__0fprintf$7) refers to bsp_usart.o(i.fputc) for fputc
    printf7.o(i.__0printf$7) refers to printf7.o(i._printf_core) for _printf_core
    printf7.o(i.__0printf$7) refers to bsp_usart.o(i.fputc) for fputc
    printf7.o(i.__0printf$7) refers to stdout.o(.data) for __stdout
    printf7.o(i.__0snprintf$7) refers to printf7.o(i._printf_core) for _printf_core
    printf7.o(i.__0snprintf$7) refers to printf7.o(i._snputc) for _snputc
    printf7.o(i.__0sprintf$7) refers to printf7.o(i._printf_core) for _printf_core
    printf7.o(i.__0sprintf$7) refers to printf7.o(i._sputc) for _sputc
    printf7.o(i.__0vfprintf$7) refers to printf7.o(i._printf_core) for _printf_core
    printf7.o(i.__0vfprintf$7) refers to bsp_usart.o(i.fputc) for fputc
    printf7.o(i.__0vprintf$7) refers to printf7.o(i._printf_core) for _printf_core
    printf7.o(i.__0vprintf$7) refers to bsp_usart.o(i.fputc) for fputc
    printf7.o(i.__0vprintf$7) refers to stdout.o(.data) for __stdout
    printf7.o(i.__0vsnprintf$7) refers to printf7.o(i._printf_core) for _printf_core
    printf7.o(i.__0vsnprintf$7) refers to printf7.o(i._snputc) for _snputc
    printf7.o(i.__0vsprintf$7) refers to printf7.o(i._printf_core) for _printf_core
    printf7.o(i.__0vsprintf$7) refers to printf7.o(i._sputc) for _sputc
    printf7.o(i._printf_core) refers to printf7.o(i._printf_pre_padding) for _printf_pre_padding
    printf7.o(i._printf_core) refers to uldiv.o(.text) for __aeabi_uldivmod
    printf7.o(i._printf_core) refers to printf7.o(i._printf_post_padding) for _printf_post_padding
    printf8.o(i.__0fprintf$8) refers to printf8.o(i._printf_core) for _printf_core
    printf8.o(i.__0fprintf$8) refers to bsp_usart.o(i.fputc) for fputc
    printf8.o(i.__0printf$8) refers to printf8.o(i._printf_core) for _printf_core
    printf8.o(i.__0printf$8) refers to bsp_usart.o(i.fputc) for fputc
    printf8.o(i.__0printf$8) refers to stdout.o(.data) for __stdout
    printf8.o(i.__0snprintf$8) refers to printf8.o(i._printf_core) for _printf_core
    printf8.o(i.__0snprintf$8) refers to printf8.o(i._snputc) for _snputc
    printf8.o(i.__0sprintf$8) refers to printf8.o(i._printf_core) for _printf_core
    printf8.o(i.__0sprintf$8) refers to printf8.o(i._sputc) for _sputc
    printf8.o(i.__0vfprintf$8) refers to printf8.o(i._printf_core) for _printf_core
    printf8.o(i.__0vfprintf$8) refers to bsp_usart.o(i.fputc) for fputc
    printf8.o(i.__0vprintf$8) refers to printf8.o(i._printf_core) for _printf_core
    printf8.o(i.__0vprintf$8) refers to bsp_usart.o(i.fputc) for fputc
    printf8.o(i.__0vprintf$8) refers to stdout.o(.data) for __stdout
    printf8.o(i.__0vsnprintf$8) refers to printf8.o(i._printf_core) for _printf_core
    printf8.o(i.__0vsnprintf$8) refers to printf8.o(i._snputc) for _snputc
    printf8.o(i.__0vsprintf$8) refers to printf8.o(i._printf_core) for _printf_core
    printf8.o(i.__0vsprintf$8) refers to printf8.o(i._sputc) for _sputc
    printf8.o(i._printf_core) refers to printf8.o(i._printf_pre_padding) for _printf_pre_padding
    printf8.o(i._printf_core) refers to uldiv.o(.text) for __aeabi_uldivmod
    printf8.o(i._printf_core) refers to printf8.o(i._printf_post_padding) for _printf_post_padding
    printfa.o(i.__0fprintf) refers (Special) to iusefp.o(.text) for __I$use$fp
    printfa.o(i.__0fprintf) refers to printfa.o(i._printf_core) for _printf_core
    printfa.o(i.__0fprintf) refers to bsp_usart.o(i.fputc) for fputc
    printfa.o(i.__0printf) refers (Special) to iusefp.o(.text) for __I$use$fp
    printfa.o(i.__0printf) refers to printfa.o(i._printf_core) for _printf_core
    printfa.o(i.__0printf) refers to bsp_usart.o(i.fputc) for fputc
    printfa.o(i.__0printf) refers to stdout.o(.data) for __stdout
    printfa.o(i.__0snprintf) refers (Special) to iusefp.o(.text) for __I$use$fp
    printfa.o(i.__0snprintf) refers to printfa.o(i._printf_core) for _printf_core
    printfa.o(i.__0snprintf) refers to printfa.o(i._snputc) for _snputc
    printfa.o(i.__0sprintf) refers (Special) to iusefp.o(.text) for __I$use$fp
    printfa.o(i.__0sprintf) refers to printfa.o(i._printf_core) for _printf_core
    printfa.o(i.__0sprintf) refers to printfa.o(i._sputc) for _sputc
    printfa.o(i.__0vfprintf) refers (Special) to iusefp.o(.text) for __I$use$fp
    printfa.o(i.__0vfprintf) refers to printfa.o(i._printf_core) for _printf_core
    printfa.o(i.__0vfprintf) refers to bsp_usart.o(i.fputc) for fputc
    printfa.o(i.__0vprintf) refers (Special) to iusefp.o(.text) for __I$use$fp
    printfa.o(i.__0vprintf) refers to printfa.o(i._printf_core) for _printf_core
    printfa.o(i.__0vprintf) refers to bsp_usart.o(i.fputc) for fputc
    printfa.o(i.__0vprintf) refers to stdout.o(.data) for __stdout
    printfa.o(i.__0vsnprintf) refers (Special) to iusefp.o(.text) for __I$use$fp
    printfa.o(i.__0vsnprintf) refers to printfa.o(i._printf_core) for _printf_core
    printfa.o(i.__0vsnprintf) refers to printfa.o(i._snputc) for _snputc
    printfa.o(i.__0vsprintf) refers (Special) to iusefp.o(.text) for __I$use$fp
    printfa.o(i.__0vsprintf) refers to printfa.o(i._printf_core) for _printf_core
    printfa.o(i.__0vsprintf) refers to printfa.o(i._sputc) for _sputc
    printfa.o(i._fp_digits) refers (Special) to iusefp.o(.text) for __I$use$fp
    printfa.o(i._fp_digits) refers to dmul.o(.text) for __aeabi_dmul
    printfa.o(i._fp_digits) refers to ddiv.o(.text) for __aeabi_ddiv
    printfa.o(i._fp_digits) refers to cdrcmple.o(.text) for __aeabi_cdrcmple
    printfa.o(i._fp_digits) refers to dadd.o(.text) for __aeabi_dadd
    printfa.o(i._fp_digits) refers to dfixul.o(.text) for __aeabi_d2ulz
    printfa.o(i._fp_digits) refers to uldiv.o(.text) for __aeabi_uldivmod
    printfa.o(i._printf_core) refers (Special) to iusefp.o(.text) for __I$use$fp
    printfa.o(i._printf_core) refers to printfa.o(i._printf_pre_padding) for _printf_pre_padding
    printfa.o(i._printf_core) refers to uldiv.o(.text) for __aeabi_uldivmod
    printfa.o(i._printf_core) refers to printfa.o(i._printf_post_padding) for _printf_post_padding
    printfa.o(i._printf_core) refers to printfa.o(i._fp_digits) for _fp_digits
    printfa.o(i._printf_core) refers to uidiv.o(.text) for __aeabi_uidivmod
    printfa.o(i._printf_post_padding) refers (Special) to iusefp.o(.text) for __I$use$fp
    printfa.o(i._printf_pre_padding) refers (Special) to iusefp.o(.text) for __I$use$fp
    printfa.o(i._snputc) refers (Special) to iusefp.o(.text) for __I$use$fp
    printfa.o(i._sputc) refers (Special) to iusefp.o(.text) for __I$use$fp
    entry2.o(.ARM.Collect$$$$00000001) refers to entry2.o(.ARM.Collect$$$$00002712) for __lit__00000000
    entry2.o(.ARM.Collect$$$$00002712) refers to startup_stm32f10x_hd.o(STACK) for __initial_sp
    entry2.o(__vectab_stack_and_reset_area) refers to startup_stm32f10x_hd.o(STACK) for __initial_sp
    entry2.o(__vectab_stack_and_reset_area) refers to entry.o(.ARM.Collect$$$$00000000) for __main
    entry5.o(.ARM.Collect$$$$00000004) refers to init.o(.text) for __scatterload
    entry9a.o(.ARM.Collect$$$$0000000B) refers to main.o(i.main) for main
    entry9b.o(.ARM.Collect$$$$0000000C) refers to main.o(i.main) for main
    uldiv.o(.text) refers to llushr.o(.text) for __aeabi_llsr
    uldiv.o(.text) refers to llshl.o(.text) for __aeabi_llsl
    dadd.o(.text) refers to llshl.o(.text) for __aeabi_llsl
    dadd.o(.text) refers to llsshr.o(.text) for __aeabi_lasr
    dadd.o(.text) refers to depilogue.o(.text) for _double_epilogue
    dmul.o(.text) refers to depilogue.o(.text) for _double_epilogue
    ddiv.o(.text) refers to depilogue.o(.text) for _double_round
    dfixul.o(.text) refers to llushr.o(.text) for __aeabi_llsr
    dfixul.o(.text) refers to llshl.o(.text) for __aeabi_llsl
    init.o(.text) refers to entry5.o(.ARM.Collect$$$$00000004) for __main_after_scatterload
    depilogue.o(.text) refers to llshl.o(.text) for __aeabi_llsl
    depilogue.o(.text) refers to llushr.o(.text) for __aeabi_llsr


==============================================================================

Removing Unused input sections from the image.

    Removing core_cm3.o(.emb_text), (32 bytes).
    Removing system_stm32f10x.o(i.SystemCoreClockUpdate), (164 bytes).
    Removing startup_stm32f10x_hd.o(HEAP), (512 bytes).
    Removing misc.o(i.NVIC_SetVectorTable), (20 bytes).
    Removing misc.o(i.NVIC_SystemLPConfig), (32 bytes).
    Removing misc.o(i.SysTick_CLKSourceConfig), (40 bytes).
    Removing stm32f10x_dac.o(i.DAC_Cmd), (40 bytes).
    Removing stm32f10x_dac.o(i.DAC_DMACmd), (44 bytes).
    Removing stm32f10x_dac.o(i.DAC_DeInit), (22 bytes).
    Removing stm32f10x_dac.o(i.DAC_DualSoftwareTriggerCmd), (36 bytes).
    Removing stm32f10x_dac.o(i.DAC_GetDataOutputValue), (36 bytes).
    Removing stm32f10x_dac.o(i.DAC_Init), (52 bytes).
    Removing stm32f10x_dac.o(i.DAC_SetChannel1Data), (32 bytes).
    Removing stm32f10x_dac.o(i.DAC_SetChannel2Data), (32 bytes).
    Removing stm32f10x_dac.o(i.DAC_SetDualChannelData), (36 bytes).
    Removing stm32f10x_dac.o(i.DAC_SoftwareTriggerCmd), (44 bytes).
    Removing stm32f10x_dac.o(i.DAC_StructInit), (12 bytes).
    Removing stm32f10x_dac.o(i.DAC_WaveGenerationCmd), (40 bytes).
    Removing stm32f10x_dma.o(i.DMA_Cmd), (24 bytes).
    Removing stm32f10x_dma.o(i.DMA_DeInit), (332 bytes).
    Removing stm32f10x_dma.o(i.DMA_GetCurrDataCounter), (8 bytes).
    Removing stm32f10x_dma.o(i.DMA_GetFlagStatus), (44 bytes).
    Removing stm32f10x_dma.o(i.DMA_SetCurrDataCounter), (4 bytes).
    Removing stm32f10x_dma.o(i.DMA_StructInit), (26 bytes).
    Removing stm32f10x_exti.o(i.EXTI_ClearFlag), (12 bytes).
    Removing stm32f10x_exti.o(i.EXTI_ClearITPendingBit), (12 bytes).
    Removing stm32f10x_exti.o(i.EXTI_DeInit), (36 bytes).
    Removing stm32f10x_exti.o(i.EXTI_GenerateSWInterrupt), (16 bytes).
    Removing stm32f10x_exti.o(i.EXTI_GetFlagStatus), (24 bytes).
    Removing stm32f10x_exti.o(i.EXTI_GetITStatus), (40 bytes).
    Removing stm32f10x_exti.o(i.EXTI_Init), (148 bytes).
    Removing stm32f10x_exti.o(i.EXTI_StructInit), (16 bytes).
    Removing stm32f10x_gpio.o(i.GPIO_AFIODeInit), (20 bytes).
    Removing stm32f10x_gpio.o(i.GPIO_DeInit), (200 bytes).
    Removing stm32f10x_gpio.o(i.GPIO_ETH_MediaInterfaceConfig), (12 bytes).
    Removing stm32f10x_gpio.o(i.GPIO_EXTILineConfig), (64 bytes).
    Removing stm32f10x_gpio.o(i.GPIO_EventOutputCmd), (12 bytes).
    Removing stm32f10x_gpio.o(i.GPIO_EventOutputConfig), (32 bytes).
    Removing stm32f10x_gpio.o(i.GPIO_PinLockConfig), (18 bytes).
    Removing stm32f10x_gpio.o(i.GPIO_PinRemapConfig), (144 bytes).
    Removing stm32f10x_gpio.o(i.GPIO_ReadInputData), (8 bytes).
    Removing stm32f10x_gpio.o(i.GPIO_ReadInputDataBit), (18 bytes).
    Removing stm32f10x_gpio.o(i.GPIO_ReadOutputData), (8 bytes).
    Removing stm32f10x_gpio.o(i.GPIO_ReadOutputDataBit), (18 bytes).
    Removing stm32f10x_gpio.o(i.GPIO_StructInit), (16 bytes).
    Removing stm32f10x_gpio.o(i.GPIO_Write), (4 bytes).
    Removing stm32f10x_gpio.o(i.GPIO_WriteBit), (10 bytes).
    Removing stm32f10x_rcc.o(i.RCC_ADCCLKConfig), (24 bytes).
    Removing stm32f10x_rcc.o(i.RCC_APB1PeriphResetCmd), (32 bytes).
    Removing stm32f10x_rcc.o(i.RCC_APB2PeriphResetCmd), (32 bytes).
    Removing stm32f10x_rcc.o(i.RCC_AdjustHSICalibrationValue), (24 bytes).
    Removing stm32f10x_rcc.o(i.RCC_BackupResetCmd), (12 bytes).
    Removing stm32f10x_rcc.o(i.RCC_ClearFlag), (20 bytes).
    Removing stm32f10x_rcc.o(i.RCC_ClearITPendingBit), (12 bytes).
    Removing stm32f10x_rcc.o(i.RCC_ClockSecuritySystemCmd), (12 bytes).
    Removing stm32f10x_rcc.o(i.RCC_DeInit), (76 bytes).
    Removing stm32f10x_rcc.o(i.RCC_GetFlagStatus), (60 bytes).
    Removing stm32f10x_rcc.o(i.RCC_GetITStatus), (24 bytes).
    Removing stm32f10x_rcc.o(i.RCC_GetSYSCLKSource), (16 bytes).
    Removing stm32f10x_rcc.o(i.RCC_HCLKConfig), (24 bytes).
    Removing stm32f10x_rcc.o(i.RCC_HSEConfig), (76 bytes).
    Removing stm32f10x_rcc.o(i.RCC_HSICmd), (12 bytes).
    Removing stm32f10x_rcc.o(i.RCC_ITConfig), (32 bytes).
    Removing stm32f10x_rcc.o(i.RCC_LSEConfig), (52 bytes).
    Removing stm32f10x_rcc.o(i.RCC_LSICmd), (12 bytes).
    Removing stm32f10x_rcc.o(i.RCC_MCOConfig), (12 bytes).
    Removing stm32f10x_rcc.o(i.RCC_PCLK1Config), (24 bytes).
    Removing stm32f10x_rcc.o(i.RCC_PCLK2Config), (24 bytes).
    Removing stm32f10x_rcc.o(i.RCC_PLLCmd), (12 bytes).
    Removing stm32f10x_rcc.o(i.RCC_PLLConfig), (28 bytes).
    Removing stm32f10x_rcc.o(i.RCC_RTCCLKCmd), (12 bytes).
    Removing stm32f10x_rcc.o(i.RCC_RTCCLKConfig), (16 bytes).
    Removing stm32f10x_rcc.o(i.RCC_SYSCLKConfig), (24 bytes).
    Removing stm32f10x_rcc.o(i.RCC_USBCLKConfig), (12 bytes).
    Removing stm32f10x_rcc.o(i.RCC_WaitForHSEStartUp), (56 bytes).
    Removing stm32f10x_tim.o(i.TI1_Config), (128 bytes).
    Removing stm32f10x_tim.o(i.TI2_Config), (152 bytes).
    Removing stm32f10x_tim.o(i.TI3_Config), (144 bytes).
    Removing stm32f10x_tim.o(i.TI4_Config), (152 bytes).
    Removing stm32f10x_tim.o(i.TIM_ARRPreloadConfig), (24 bytes).
    Removing stm32f10x_tim.o(i.TIM_BDTRConfig), (32 bytes).
    Removing stm32f10x_tim.o(i.TIM_BDTRStructInit), (18 bytes).
    Removing stm32f10x_tim.o(i.TIM_CCPreloadControl), (24 bytes).
    Removing stm32f10x_tim.o(i.TIM_CCxCmd), (30 bytes).
    Removing stm32f10x_tim.o(i.TIM_CCxNCmd), (30 bytes).
    Removing stm32f10x_tim.o(i.TIM_ClearFlag), (6 bytes).
    Removing stm32f10x_tim.o(i.TIM_ClearITPendingBit), (6 bytes).
    Removing stm32f10x_tim.o(i.TIM_ClearOC1Ref), (18 bytes).
    Removing stm32f10x_tim.o(i.TIM_ClearOC2Ref), (24 bytes).
    Removing stm32f10x_tim.o(i.TIM_ClearOC3Ref), (18 bytes).
    Removing stm32f10x_tim.o(i.TIM_ClearOC4Ref), (24 bytes).
    Removing stm32f10x_tim.o(i.TIM_Cmd), (24 bytes).
    Removing stm32f10x_tim.o(i.TIM_CounterModeConfig), (18 bytes).
    Removing stm32f10x_tim.o(i.TIM_CtrlPWMOutputs), (30 bytes).
    Removing stm32f10x_tim.o(i.TIM_DMACmd), (18 bytes).
    Removing stm32f10x_tim.o(i.TIM_DMAConfig), (10 bytes).
    Removing stm32f10x_tim.o(i.TIM_DeInit), (488 bytes).
    Removing stm32f10x_tim.o(i.TIM_ETRClockMode1Config), (54 bytes).
    Removing stm32f10x_tim.o(i.TIM_ETRClockMode2Config), (32 bytes).
    Removing stm32f10x_tim.o(i.TIM_ETRConfig), (28 bytes).
    Removing stm32f10x_tim.o(i.TIM_EncoderInterfaceConfig), (66 bytes).
    Removing stm32f10x_tim.o(i.TIM_ForcedOC1Config), (18 bytes).
    Removing stm32f10x_tim.o(i.TIM_ForcedOC2Config), (26 bytes).
    Removing stm32f10x_tim.o(i.TIM_ForcedOC3Config), (18 bytes).
    Removing stm32f10x_tim.o(i.TIM_ForcedOC4Config), (26 bytes).
    Removing stm32f10x_tim.o(i.TIM_GenerateEvent), (4 bytes).
    Removing stm32f10x_tim.o(i.TIM_GetCapture1), (6 bytes).
    Removing stm32f10x_tim.o(i.TIM_GetCapture2), (6 bytes).
    Removing stm32f10x_tim.o(i.TIM_GetCapture3), (6 bytes).
    Removing stm32f10x_tim.o(i.TIM_GetCapture4), (8 bytes).
    Removing stm32f10x_tim.o(i.TIM_GetCounter), (6 bytes).
    Removing stm32f10x_tim.o(i.TIM_GetFlagStatus), (18 bytes).
    Removing stm32f10x_tim.o(i.TIM_GetITStatus), (34 bytes).
    Removing stm32f10x_tim.o(i.TIM_GetPrescaler), (6 bytes).
    Removing stm32f10x_tim.o(i.TIM_ICInit), (172 bytes).
    Removing stm32f10x_tim.o(i.TIM_ICStructInit), (18 bytes).
    Removing stm32f10x_tim.o(i.TIM_ITConfig), (18 bytes).
    Removing stm32f10x_tim.o(i.TIM_ITRxExternalClockConfig), (24 bytes).
    Removing stm32f10x_tim.o(i.TIM_InternalClockConfig), (12 bytes).
    Removing stm32f10x_tim.o(i.TIM_OC1FastConfig), (18 bytes).
    Removing stm32f10x_tim.o(i.TIM_OC1Init), (152 bytes).
    Removing stm32f10x_tim.o(i.TIM_OC1NPolarityConfig), (18 bytes).
    Removing stm32f10x_tim.o(i.TIM_OC1PolarityConfig), (18 bytes).
    Removing stm32f10x_tim.o(i.TIM_OC1PreloadConfig), (18 bytes).
    Removing stm32f10x_tim.o(i.TIM_OC2FastConfig), (26 bytes).
    Removing stm32f10x_tim.o(i.TIM_OC2Init), (164 bytes).
    Removing stm32f10x_tim.o(i.TIM_OC2NPolarityConfig), (26 bytes).
    Removing stm32f10x_tim.o(i.TIM_OC2PolarityConfig), (26 bytes).
    Removing stm32f10x_tim.o(i.TIM_OC2PreloadConfig), (26 bytes).
    Removing stm32f10x_tim.o(i.TIM_OC3FastConfig), (18 bytes).
    Removing stm32f10x_tim.o(i.TIM_OC3Init), (160 bytes).
    Removing stm32f10x_tim.o(i.TIM_OC3NPolarityConfig), (26 bytes).
    Removing stm32f10x_tim.o(i.TIM_OC3PolarityConfig), (26 bytes).
    Removing stm32f10x_tim.o(i.TIM_OC3PreloadConfig), (18 bytes).
    Removing stm32f10x_tim.o(i.TIM_OC4FastConfig), (26 bytes).
    Removing stm32f10x_tim.o(i.TIM_OC4Init), (124 bytes).
    Removing stm32f10x_tim.o(i.TIM_OC4PolarityConfig), (26 bytes).
    Removing stm32f10x_tim.o(i.TIM_OC4PreloadConfig), (26 bytes).
    Removing stm32f10x_tim.o(i.TIM_OCStructInit), (20 bytes).
    Removing stm32f10x_tim.o(i.TIM_PWMIConfig), (124 bytes).
    Removing stm32f10x_tim.o(i.TIM_PrescalerConfig), (6 bytes).
    Removing stm32f10x_tim.o(i.TIM_SelectCCDMA), (24 bytes).
    Removing stm32f10x_tim.o(i.TIM_SelectCOM), (24 bytes).
    Removing stm32f10x_tim.o(i.TIM_SelectHallSensor), (24 bytes).
    Removing stm32f10x_tim.o(i.TIM_SelectInputTrigger), (18 bytes).
    Removing stm32f10x_tim.o(i.TIM_SelectMasterSlaveMode), (18 bytes).
    Removing stm32f10x_tim.o(i.TIM_SelectOCxM), (82 bytes).
    Removing stm32f10x_tim.o(i.TIM_SelectOnePulseMode), (18 bytes).
    Removing stm32f10x_tim.o(i.TIM_SelectOutputTrigger), (18 bytes).
    Removing stm32f10x_tim.o(i.TIM_SelectSlaveMode), (18 bytes).
    Removing stm32f10x_tim.o(i.TIM_SetAutoreload), (4 bytes).
    Removing stm32f10x_tim.o(i.TIM_SetClockDivision), (18 bytes).
    Removing stm32f10x_tim.o(i.TIM_SetCompare1), (4 bytes).
    Removing stm32f10x_tim.o(i.TIM_SetCompare2), (4 bytes).
    Removing stm32f10x_tim.o(i.TIM_SetCompare3), (4 bytes).
    Removing stm32f10x_tim.o(i.TIM_SetCompare4), (6 bytes).
    Removing stm32f10x_tim.o(i.TIM_SetCounter), (4 bytes).
    Removing stm32f10x_tim.o(i.TIM_SetIC1Prescaler), (18 bytes).
    Removing stm32f10x_tim.o(i.TIM_SetIC2Prescaler), (26 bytes).
    Removing stm32f10x_tim.o(i.TIM_SetIC3Prescaler), (18 bytes).
    Removing stm32f10x_tim.o(i.TIM_SetIC4Prescaler), (26 bytes).
    Removing stm32f10x_tim.o(i.TIM_TIxExternalClockConfig), (62 bytes).
    Removing stm32f10x_tim.o(i.TIM_TimeBaseInit), (164 bytes).
    Removing stm32f10x_tim.o(i.TIM_TimeBaseStructInit), (18 bytes).
    Removing stm32f10x_tim.o(i.TIM_UpdateDisableConfig), (24 bytes).
    Removing stm32f10x_tim.o(i.TIM_UpdateRequestConfig), (24 bytes).
    Removing stm32f10x_usart.o(i.USART_ClearFlag), (18 bytes).
    Removing stm32f10x_usart.o(i.USART_ClockInit), (34 bytes).
    Removing stm32f10x_usart.o(i.USART_ClockStructInit), (12 bytes).
    Removing stm32f10x_usart.o(i.USART_DeInit), (156 bytes).
    Removing stm32f10x_usart.o(i.USART_HalfDuplexCmd), (24 bytes).
    Removing stm32f10x_usart.o(i.USART_IrDACmd), (24 bytes).
    Removing stm32f10x_usart.o(i.USART_IrDAConfig), (18 bytes).
    Removing stm32f10x_usart.o(i.USART_LINBreakDetectLengthConfig), (18 bytes).
    Removing stm32f10x_usart.o(i.USART_LINCmd), (24 bytes).
    Removing stm32f10x_usart.o(i.USART_OneBitMethodCmd), (24 bytes).
    Removing stm32f10x_usart.o(i.USART_OverSampling8Cmd), (22 bytes).
    Removing stm32f10x_usart.o(i.USART_ReceiverWakeUpCmd), (24 bytes).
    Removing stm32f10x_usart.o(i.USART_SendBreak), (10 bytes).
    Removing stm32f10x_usart.o(i.USART_SetAddress), (18 bytes).
    Removing stm32f10x_usart.o(i.USART_SetGuardTime), (16 bytes).
    Removing stm32f10x_usart.o(i.USART_SetPrescaler), (16 bytes).
    Removing stm32f10x_usart.o(i.USART_SmartCardCmd), (24 bytes).
    Removing stm32f10x_usart.o(i.USART_SmartCardNACKCmd), (24 bytes).
    Removing stm32f10x_usart.o(i.USART_StructInit), (24 bytes).
    Removing stm32f10x_usart.o(i.USART_WakeUpConfig), (18 bytes).
    Removing main.o(i.Cmd_Respond_Task), (4 bytes).
    Removing main.o(i.OLED_Refresh_Task), (4 bytes).
    Removing main.o(.bss), (1408 bytes).
    Removing stm32f10x_it.o(i.PendSV_Handler), (2 bytes).
    Removing stm32f10x_it.o(i.SVC_Handler), (2 bytes).
    Removing stm32f10x_it.o(i.SysTick_Handler), (2 bytes).
    Removing isr.o(.bss), (384 bytes).
    Removing bsp_usart.o(i.USART_Clear), (20 bytes).
    Removing bsp_usart.o(i.USART_Push), (108 bytes).
    Removing bsp_usart.o(i.Usart_Send), (100 bytes).
    Removing bsp_oled12864.o(i.OLED12864_Draw_Point), (2 bytes).
    Removing port.o(i.vPortEndScheduler), (2 bytes).
    Removing heap_4.o(i.vPortGetHeapStats), (128 bytes).
    Removing heap_4.o(i.vPortInitialiseBlocks), (2 bytes).
    Removing heap_4.o(i.xPortGetFreeHeapSize), (12 bytes).
    Removing heap_4.o(i.xPortGetMinimumEverFreeHeapSize), (12 bytes).
    Removing event_groups.o(i.prvTestWaitCondition), (30 bytes).
    Removing event_groups.o(i.vEventGroupClearBitsCallback), (16 bytes).
    Removing event_groups.o(i.vEventGroupDelete), (42 bytes).
    Removing event_groups.o(i.vEventGroupSetBitsCallback), (16 bytes).
    Removing event_groups.o(i.xEventGroupClearBits), (32 bytes).
    Removing event_groups.o(i.xEventGroupCreate), (26 bytes).
    Removing event_groups.o(i.xEventGroupGetBitsFromISR), (44 bytes).
    Removing event_groups.o(i.xEventGroupSetBits), (146 bytes).
    Removing event_groups.o(i.xEventGroupSync), (168 bytes).
    Removing event_groups.o(i.xEventGroupWaitBits), (204 bytes).
    Removing list.o(i.vListInsert), (52 bytes).
    Removing queue.o(i.prvCopyDataFromQueue), (42 bytes).
    Removing queue.o(i.prvCopyDataToQueue), (126 bytes).
    Removing queue.o(i.prvGetDisinheritPriorityAfterTimeout), (20 bytes).
    Removing queue.o(i.prvInitialiseMutex), (30 bytes).
    Removing queue.o(i.prvIsQueueEmpty), (26 bytes).
    Removing queue.o(i.prvIsQueueFull), (30 bytes).
    Removing queue.o(i.prvUnlockQueue), (126 bytes).
    Removing queue.o(i.uxQueueMessagesWaiting), (18 bytes).
    Removing queue.o(i.uxQueueMessagesWaitingFromISR), (8 bytes).
    Removing queue.o(i.uxQueueSpacesAvailable), (24 bytes).
    Removing queue.o(i.vQueueDelete), (14 bytes).
    Removing queue.o(i.xQueueCreateMutex), (34 bytes).
    Removing queue.o(i.xQueueGenericSend), (280 bytes).
    Removing queue.o(i.xQueueGenericSendFromISR), (138 bytes).
    Removing queue.o(i.xQueueIsQueueEmptyFromISR), (16 bytes).
    Removing queue.o(i.xQueueIsQueueFullFromISR), (22 bytes).
    Removing queue.o(i.xQueuePeek), (268 bytes).
    Removing queue.o(i.xQueuePeekFromISR), (74 bytes).
    Removing queue.o(i.xQueueReceive), (260 bytes).
    Removing queue.o(i.xQueueReceiveFromISR), (130 bytes).
    Removing queue.o(i.xQueueSemaphoreTake), (304 bytes).
    Removing stream_buffer.o(i.prvBytesInBuffer), (24 bytes).
    Removing stream_buffer.o(i.prvInitialiseNewStreamBuffer), (38 bytes).
    Removing stream_buffer.o(i.prvReadBytesFromBuffer), (94 bytes).
    Removing stream_buffer.o(i.prvReadMessageFromBuffer), (72 bytes).
    Removing stream_buffer.o(i.prvWriteBytesToBuffer), (78 bytes).
    Removing stream_buffer.o(i.prvWriteMessageToBuffer), (92 bytes).
    Removing stream_buffer.o(i.vStreamBufferDelete), (32 bytes).
    Removing stream_buffer.o(i.xStreamBufferBytesAvailable), (18 bytes).
    Removing stream_buffer.o(i.xStreamBufferGenericCreate), (74 bytes).
    Removing stream_buffer.o(i.xStreamBufferIsEmpty), (22 bytes).
    Removing stream_buffer.o(i.xStreamBufferIsFull), (40 bytes).
    Removing stream_buffer.o(i.xStreamBufferNextMessageLengthBytes), (64 bytes).
    Removing stream_buffer.o(i.xStreamBufferReceive), (178 bytes).
    Removing stream_buffer.o(i.xStreamBufferReceiveCompletedFromISR), (80 bytes).
    Removing stream_buffer.o(i.xStreamBufferReceiveFromISR), (134 bytes).
    Removing stream_buffer.o(i.xStreamBufferReset), (46 bytes).
    Removing stream_buffer.o(i.xStreamBufferSend), (224 bytes).
    Removing stream_buffer.o(i.xStreamBufferSendCompletedFromISR), (80 bytes).
    Removing stream_buffer.o(i.xStreamBufferSendFromISR), (134 bytes).
    Removing stream_buffer.o(i.xStreamBufferSetTriggerLevel), (26 bytes).
    Removing stream_buffer.o(i.xStreamBufferSpacesAvailable), (30 bytes).
    Removing tasks.o(i.pcTaskGetName), (24 bytes).
    Removing tasks.o(i.prvAddCurrentTaskToDelayedList), (152 bytes).
    Removing tasks.o(i.prvTaskIsTaskSuspended), (64 bytes).
    Removing tasks.o(i.pvTaskIncrementMutexHeldCount), (32 bytes).
    Removing tasks.o(i.ulTaskGenericNotifyTake), (136 bytes).
    Removing tasks.o(i.ulTaskGenericNotifyValueClear), (64 bytes).
    Removing tasks.o(i.uxTaskGetNumberOfTasks), (12 bytes).
    Removing tasks.o(i.uxTaskPriorityGet), (36 bytes).
    Removing tasks.o(i.uxTaskPriorityGetFromISR), (56 bytes).
    Removing tasks.o(i.uxTaskResetEventItemValue), (28 bytes).
    Removing tasks.o(i.vTaskDelay), (52 bytes).
    Removing tasks.o(i.vTaskEndScheduler), (36 bytes).
    Removing tasks.o(i.vTaskGenericNotifyGiveFromISR), (192 bytes).
    Removing tasks.o(i.vTaskInternalSetTimeOutState), (24 bytes).
    Removing tasks.o(i.vTaskMissedYield), (12 bytes).
    Removing tasks.o(i.vTaskPlaceOnEventList), (32 bytes).
    Removing tasks.o(i.vTaskPlaceOnUnorderedEventList), (44 bytes).
    Removing tasks.o(i.vTaskPriorityDisinheritAfterTimeout), (160 bytes).
    Removing tasks.o(i.vTaskPrioritySet), (244 bytes).
    Removing tasks.o(i.vTaskRemoveFromUnorderedEventList), (100 bytes).
    Removing tasks.o(i.vTaskResume), (120 bytes).
    Removing tasks.o(i.vTaskSetTimeOutState), (36 bytes).
    Removing tasks.o(i.vTaskSuspend), (216 bytes).
    Removing tasks.o(i.xTaskCatchUpTicks), (32 bytes).
    Removing tasks.o(i.xTaskCheckForTimeOut), (96 bytes).
    Removing tasks.o(i.xTaskDelayUntil), (116 bytes).
    Removing tasks.o(i.xTaskGenericNotify), (252 bytes).
    Removing tasks.o(i.xTaskGenericNotifyFromISR), (300 bytes).
    Removing tasks.o(i.xTaskGenericNotifyStateClear), (64 bytes).
    Removing tasks.o(i.xTaskGenericNotifyWait), (172 bytes).
    Removing tasks.o(i.xTaskGetCurrentTaskHandle), (12 bytes).
    Removing tasks.o(i.xTaskGetTickCount), (12 bytes).
    Removing tasks.o(i.xTaskGetTickCountFromISR), (12 bytes).
    Removing tasks.o(i.xTaskPriorityDisinherit), (116 bytes).
    Removing tasks.o(i.xTaskPriorityInherit), (184 bytes).
    Removing tasks.o(i.xTaskResumeFromISR), (160 bytes).
    Removing dadd.o(.text), (334 bytes).
    Removing dmul.o(.text), (228 bytes).
    Removing ddiv.o(.text), (222 bytes).
    Removing dfixul.o(.text), (48 bytes).
    Removing cdrcmple.o(.text), (48 bytes).
    Removing depilogue.o(.text), (186 bytes).

297 unused section(s) (total 18660 bytes) removed from the image.

==============================================================================

Image Symbol Table

    Local Symbols

    Symbol Name                              Value     Ov Type        Size  Object(Section)

    ../clib/../cmprslib/zerorunl2.c          0x00000000   Number         0  __dczerorl2.o ABSOLUTE
    ../clib/microlib/division.c              0x00000000   Number         0  uidiv.o ABSOLUTE
    ../clib/microlib/division.c              0x00000000   Number         0  uldiv.o ABSOLUTE
    ../clib/microlib/init/entry.s            0x00000000   Number         0  entry7a.o ABSOLUTE
    ../clib/microlib/init/entry.s            0x00000000   Number         0  entry11a.o ABSOLUTE
    ../clib/microlib/init/entry.s            0x00000000   Number         0  entry2.o ABSOLUTE
    ../clib/microlib/init/entry.s            0x00000000   Number         0  entry8b.o ABSOLUTE
    ../clib/microlib/init/entry.s            0x00000000   Number         0  entry7b.o ABSOLUTE
    ../clib/microlib/init/entry.s            0x00000000   Number         0  entry11b.o ABSOLUTE
    ../clib/microlib/init/entry.s            0x00000000   Number         0  entry.o ABSOLUTE
    ../clib/microlib/init/entry.s            0x00000000   Number         0  entry9a.o ABSOLUTE
    ../clib/microlib/init/entry.s            0x00000000   Number         0  entry5.o ABSOLUTE
    ../clib/microlib/init/entry.s            0x00000000   Number         0  entry8a.o ABSOLUTE
    ../clib/microlib/init/entry.s            0x00000000   Number         0  entry9b.o ABSOLUTE
    ../clib/microlib/init/entry.s            0x00000000   Number         0  entry10a.o ABSOLUTE
    ../clib/microlib/init/entry.s            0x00000000   Number         0  entry10b.o ABSOLUTE
    ../clib/microlib/longlong.c              0x00000000   Number         0  llushr.o ABSOLUTE
    ../clib/microlib/longlong.c              0x00000000   Number         0  llshl.o ABSOLUTE
    ../clib/microlib/longlong.c              0x00000000   Number         0  llsshr.o ABSOLUTE
    ../clib/microlib/printf/printf.c         0x00000000   Number         0  printf6.o ABSOLUTE
    ../clib/microlib/printf/printf.c         0x00000000   Number         0  printf5.o ABSOLUTE
    ../clib/microlib/printf/printf.c         0x00000000   Number         0  printf4.o ABSOLUTE
    ../clib/microlib/printf/printf.c         0x00000000   Number         0  printf3.o ABSOLUTE
    ../clib/microlib/printf/printf.c         0x00000000   Number         0  printf2.o ABSOLUTE
    ../clib/microlib/printf/printf.c         0x00000000   Number         0  printf8.o ABSOLUTE
    ../clib/microlib/printf/printf.c         0x00000000   Number         0  printf1.o ABSOLUTE
    ../clib/microlib/printf/printf.c         0x00000000   Number         0  printf0.o ABSOLUTE
    ../clib/microlib/printf/printf.c         0x00000000   Number         0  printfb.o ABSOLUTE
    ../clib/microlib/printf/printf.c         0x00000000   Number         0  printfa.o ABSOLUTE
    ../clib/microlib/printf/printf.c         0x00000000   Number         0  printf7.o ABSOLUTE
    ../clib/microlib/stdio/streams.c         0x00000000   Number         0  stdout.o ABSOLUTE
    ../clib/microlib/string/memcpy.c         0x00000000   Number         0  memcpyb.o ABSOLUTE
    ../clib/microlib/string/memcpy.c         0x00000000   Number         0  memcpya.o ABSOLUTE
    ../clib/microlib/string/memset.c         0x00000000   Number         0  memseta.o ABSOLUTE
    ../clib/microlib/stubs.s                 0x00000000   Number         0  iusefp.o ABSOLUTE
    ../fplib/microlib/fpadd.c                0x00000000   Number         0  dadd.o ABSOLUTE
    ../fplib/microlib/fpdiv.c                0x00000000   Number         0  ddiv.o ABSOLUTE
    ../fplib/microlib/fpepilogue.c           0x00000000   Number         0  depilogue.o ABSOLUTE
    ../fplib/microlib/fpfix.c                0x00000000   Number         0  dfixul.o ABSOLUTE
    ../fplib/microlib/fpmul.c                0x00000000   Number         0  dmul.o ABSOLUTE
    BSP\bsp_oled12864.c                      0x00000000   Number         0  bsp_oled12864.o ABSOLUTE
    BSP\bsp_usart.c                          0x00000000   Number         0  bsp_usart.o ABSOLUTE
    CMSIS\\core_cm3.c                        0x00000000   Number         0  core_cm3.o ABSOLUTE
    CMSIS\core_cm3.c                         0x00000000   Number         0  core_cm3.o ABSOLUTE
    CMSIS\startup_stm32f10x_hd.s             0x00000000   Number         0  startup_stm32f10x_hd.o ABSOLUTE
    CMSIS\system_stm32f10x.c                 0x00000000   Number         0  system_stm32f10x.o ABSOLUTE
    FWLIB\src\misc.c                         0x00000000   Number         0  misc.o ABSOLUTE
    FWLIB\src\stm32f10x_dac.c                0x00000000   Number         0  stm32f10x_dac.o ABSOLUTE
    FWLIB\src\stm32f10x_dma.c                0x00000000   Number         0  stm32f10x_dma.o ABSOLUTE
    FWLIB\src\stm32f10x_exti.c               0x00000000   Number         0  stm32f10x_exti.o ABSOLUTE
    FWLIB\src\stm32f10x_gpio.c               0x00000000   Number         0  stm32f10x_gpio.o ABSOLUTE
    FWLIB\src\stm32f10x_rcc.c                0x00000000   Number         0  stm32f10x_rcc.o ABSOLUTE
    FWLIB\src\stm32f10x_tim.c                0x00000000   Number         0  stm32f10x_tim.o ABSOLUTE
    FWLIB\src\stm32f10x_usart.c              0x00000000   Number         0  stm32f10x_usart.o ABSOLUTE
    USER\isr.c                               0x00000000   Number         0  isr.o ABSOLUTE
    USER\main.c                              0x00000000   Number         0  main.o ABSOLUTE
    USER\soft_delay.c                        0x00000000   Number         0  soft_delay.o ABSOLUTE
    USER\stm32f10x_it.c                      0x00000000   Number         0  stm32f10x_it.o ABSOLUTE
    cdrcmple.s                               0x00000000   Number         0  cdrcmple.o ABSOLUTE
    dc.s                                     0x00000000   Number         0  dc.o ABSOLUTE
    freeRTOS\\port\\port.c                   0x00000000   Number         0  port.o ABSOLUTE
    freeRTOS\core\croutine.c                 0x00000000   Number         0  croutine.o ABSOLUTE
    freeRTOS\core\event_groups.c             0x00000000   Number         0  event_groups.o ABSOLUTE
    freeRTOS\core\list.c                     0x00000000   Number         0  list.o ABSOLUTE
    freeRTOS\core\queue.c                    0x00000000   Number         0  queue.o ABSOLUTE
    freeRTOS\core\stream_buffer.c            0x00000000   Number         0  stream_buffer.o ABSOLUTE
    freeRTOS\core\tasks.c                    0x00000000   Number         0  tasks.o ABSOLUTE
    freeRTOS\core\timers.c                   0x00000000   Number         0  timers.o ABSOLUTE
    freeRTOS\port\MemMang\heap_4.c           0x00000000   Number         0  heap_4.o ABSOLUTE
    freeRTOS\port\port.c                     0x00000000   Number         0  port.o ABSOLUTE
    handlers.s                               0x00000000   Number         0  handlers.o ABSOLUTE
    init.s                                   0x00000000   Number         0  init.o ABSOLUTE
    RESET                                    0x08000000   Section      304  startup_stm32f10x_hd.o(RESET)
    .ARM.Collect$$$$00000000                 0x08000130   Section        0  entry.o(.ARM.Collect$$$$00000000)
    .ARM.Collect$$$$00000001                 0x08000130   Section        4  entry2.o(.ARM.Collect$$$$00000001)
    .ARM.Collect$$$$00000004                 0x08000134   Section        4  entry5.o(.ARM.Collect$$$$00000004)
    .ARM.Collect$$$$00000008                 0x08000138   Section        0  entry7b.o(.ARM.Collect$$$$00000008)
    .ARM.Collect$$$$0000000A                 0x08000138   Section        0  entry8b.o(.ARM.Collect$$$$0000000A)
    .ARM.Collect$$$$0000000B                 0x08000138   Section        8  entry9a.o(.ARM.Collect$$$$0000000B)
    .ARM.Collect$$$$0000000D                 0x08000140   Section        0  entry10a.o(.ARM.Collect$$$$0000000D)
    .ARM.Collect$$$$0000000F                 0x08000140   Section        0  entry11a.o(.ARM.Collect$$$$0000000F)
    .ARM.Collect$$$$00002712                 0x08000140   Section        4  entry2.o(.ARM.Collect$$$$00002712)
    __lit__00000000                          0x08000140   Data           4  entry2.o(.ARM.Collect$$$$00002712)
    .emb_text                                0x08000144   Section      150  port.o(.emb_text)
    .text                                    0x080001dc   Section       36  startup_stm32f10x_hd.o(.text)
    .text                                    0x08000200   Section       36  init.o(.text)
    .text                                    0x08000224   Section        0  __dczerorl2.o(.text)
    i.BSP_OLED12864_Init                     0x0800027a   Section        0  bsp_oled12864.o(i.BSP_OLED12864_Init)
    i.BSP_Usart_Init                         0x08000288   Section        0  bsp_usart.o(i.BSP_Usart_Init)
    i.BusFault_Handler                       0x080002b8   Section        0  stm32f10x_it.o(i.BusFault_Handler)
    i.DMA1_Channel2_IRQHandler               0x080002bc   Section        0  isr.o(i.DMA1_Channel2_IRQHandler)
    i.DMA1_Channel4_IRQHandler               0x080002ec   Section        0  isr.o(i.DMA1_Channel4_IRQHandler)
    i.DMA1_Channel7_IRQHandler               0x08000320   Section        0  isr.o(i.DMA1_Channel7_IRQHandler)
    i.DMA_ClearFlag                          0x08000354   Section        0  stm32f10x_dma.o(i.DMA_ClearFlag)
    i.DMA_ClearITPendingBit                  0x08000370   Section        0  stm32f10x_dma.o(i.DMA_ClearITPendingBit)
    i.DMA_GetITStatus                        0x0800038c   Section        0  stm32f10x_dma.o(i.DMA_GetITStatus)
    i.DMA_ITConfig                           0x080003b8   Section        0  stm32f10x_dma.o(i.DMA_ITConfig)
    i.DMA_Init                               0x080003ca   Section        0  stm32f10x_dma.o(i.DMA_Init)
    i.DebugMon_Handler                       0x08000406   Section        0  stm32f10x_it.o(i.DebugMon_Handler)
    i.GPIO_Init                              0x08000408   Section        0  stm32f10x_gpio.o(i.GPIO_Init)
    i.GPIO_ResetBits                         0x0800051e   Section        0  stm32f10x_gpio.o(i.GPIO_ResetBits)
    i.GPIO_SetBits                           0x08000522   Section        0  stm32f10x_gpio.o(i.GPIO_SetBits)
    i.HardFault_Handler                      0x08000526   Section        0  stm32f10x_it.o(i.HardFault_Handler)
    i.MemManage_Handler                      0x0800052a   Section        0  stm32f10x_it.o(i.MemManage_Handler)
    i.NMI_Handler                            0x0800052e   Section        0  stm32f10x_it.o(i.NMI_Handler)
    i.NVIC_Init                              0x08000530   Section        0  misc.o(i.NVIC_Init)
    i.NVIC_PriorityGroupConfig               0x080005a0   Section        0  misc.o(i.NVIC_PriorityGroupConfig)
    i.OLED12864_Clear                        0x080005b4   Section        0  bsp_oled12864.o(i.OLED12864_Clear)
    i.OLED12864_GPIO_Init                    0x080005e4   Section        0  bsp_oled12864.o(i.OLED12864_GPIO_Init)
    i.OLED12864_Hard_Reset                   0x0800063c   Section        0  bsp_oled12864.o(i.OLED12864_Hard_Reset)
    i.OLED12864_Refresh                      0x08000668   Section        0  bsp_oled12864.o(i.OLED12864_Refresh)
    i.OLED12864_Reset_Bit                    0x08000694   Section        0  bsp_oled12864.o(i.OLED12864_Reset_Bit)
    i.OLED12864_Send_Cmd                     0x080006b0   Section        0  bsp_oled12864.o(i.OLED12864_Send_Cmd)
    i.OLED12864_Send_Data                    0x080006fe   Section        0  bsp_oled12864.o(i.OLED12864_Send_Data)
    i.OLED12864_Send_NumByte                 0x0800074c   Section        0  bsp_oled12864.o(i.OLED12864_Send_NumByte)
    i.OLED12864_Set_Bit                      0x08000784   Section        0  bsp_oled12864.o(i.OLED12864_Set_Bit)
    i.OLED12864_Set_Position                 0x080007a0   Section        0  bsp_oled12864.o(i.OLED12864_Set_Position)
    i.RCC_AHBPeriphClockCmd                  0x080007c8   Section        0  stm32f10x_rcc.o(i.RCC_AHBPeriphClockCmd)
    i.RCC_APB1PeriphClockCmd                 0x080007e8   Section        0  stm32f10x_rcc.o(i.RCC_APB1PeriphClockCmd)
    i.RCC_APB2PeriphClockCmd                 0x08000808   Section        0  stm32f10x_rcc.o(i.RCC_APB2PeriphClockCmd)
    i.RCC_GetClocksFreq                      0x08000828   Section        0  stm32f10x_rcc.o(i.RCC_GetClocksFreq)
    i.Rx_SbufferInput                        0x080008fc   Section        0  bsp_usart.o(i.Rx_SbufferInput)
    i.SetSysClock                            0x08000948   Section        0  system_stm32f10x.o(i.SetSysClock)
    SetSysClock                              0x08000949   Thumb Code     8  system_stm32f10x.o(i.SetSysClock)
    i.SetSysClockTo72                        0x08000950   Section        0  system_stm32f10x.o(i.SetSysClockTo72)
    SetSysClockTo72                          0x08000951   Thumb Code   214  system_stm32f10x.o(i.SetSysClockTo72)
    i.SystemInit                             0x08000a30   Section        0  system_stm32f10x.o(i.SystemInit)
    i.System_Init_Task                       0x08000a90   Section        0  main.o(i.System_Init_Task)
    i.Tx_Flag_Clear                          0x08000b8c   Section        0  bsp_usart.o(i.Tx_Flag_Clear)
    i.USART1_IRQHandler                      0x08000ba0   Section        0  isr.o(i.USART1_IRQHandler)
    i.USART2_IRQHandler                      0x08000c10   Section        0  isr.o(i.USART2_IRQHandler)
    i.USART3_IRQHandler                      0x08000c44   Section        0  isr.o(i.USART3_IRQHandler)
    i.USART_ClearITPendingBit                0x08000c74   Section        0  stm32f10x_usart.o(i.USART_ClearITPendingBit)
    i.USART_Cmd                              0x08000c92   Section        0  stm32f10x_usart.o(i.USART_Cmd)
    i.USART_Config                           0x08000cac   Section        0  bsp_usart.o(i.USART_Config)
    i.USART_DMACmd                           0x08000d04   Section        0  stm32f10x_usart.o(i.USART_DMACmd)
    i.USART_DMA_Config                       0x08000d18   Section        0  bsp_usart.o(i.USART_DMA_Config)
    i.USART_GPIO_Init                        0x08000dec   Section        0  bsp_usart.o(i.USART_GPIO_Init)
    i.USART_GetFlagStatus                    0x08000e5c   Section        0  stm32f10x_usart.o(i.USART_GetFlagStatus)
    i.USART_GetITStatus                      0x08000e76   Section        0  stm32f10x_usart.o(i.USART_GetITStatus)
    i.USART_ITConfig                         0x08000eca   Section        0  stm32f10x_usart.o(i.USART_ITConfig)
    i.USART_Init                             0x08000f14   Section        0  stm32f10x_usart.o(i.USART_Init)
    i.USART_NVIC_Config                      0x08000fec   Section        0  bsp_usart.o(i.USART_NVIC_Config)
    i.USART_ReceiveData                      0x08001074   Section        0  stm32f10x_usart.o(i.USART_ReceiveData)
    i.USART_SendData                         0x0800107e   Section        0  stm32f10x_usart.o(i.USART_SendData)
    i.UsageFault_Handler                     0x08001086   Section        0  stm32f10x_it.o(i.UsageFault_Handler)
    i.Usart_BusyCheck                        0x0800108c   Section        0  bsp_usart.o(i.Usart_BusyCheck)
    i.Usart_Read                             0x080010a8   Section        0  bsp_usart.o(i.Usart_Read)
    i.Usart_Rx_Task                          0x080010b8   Section        0  main.o(i.Usart_Rx_Task)
    i.Usart_Send_Task                        0x080010bc   Section        0  main.o(i.Usart_Send_Task)
    i.__0printf$bare                         0x080010c0   Section        0  printfb.o(i.__0printf$bare)
    i.__scatterload_copy                     0x080010d0   Section       14  handlers.o(i.__scatterload_copy)
    i.__scatterload_null                     0x080010de   Section        2  handlers.o(i.__scatterload_null)
    i.__scatterload_zeroinit                 0x080010e0   Section       14  handlers.o(i.__scatterload_zeroinit)
    i._printf_core                           0x080010ee   Section        0  printfb.o(i._printf_core)
    _printf_core                             0x080010ef   Thumb Code    34  printfb.o(i._printf_core)
    i.fputc                                  0x08001110   Section        0  bsp_usart.o(i.fputc)
    i.main                                   0x08001140   Section        0  main.o(i.main)
    i.prvAddNewTaskToReadyList               0x08001174   Section        0  tasks.o(i.prvAddNewTaskToReadyList)
    prvAddNewTaskToReadyList                 0x08001175   Thumb Code   150  tasks.o(i.prvAddNewTaskToReadyList)
    i.prvCheckTasksWaitingTermination        0x08001228   Section        0  tasks.o(i.prvCheckTasksWaitingTermination)
    prvCheckTasksWaitingTermination          0x08001229   Thumb Code    60  tasks.o(i.prvCheckTasksWaitingTermination)
    i.prvDeleteTCB                           0x08001270   Section        0  tasks.o(i.prvDeleteTCB)
    prvDeleteTCB                             0x08001271   Thumb Code    18  tasks.o(i.prvDeleteTCB)
    i.prvHeapInit                            0x08001284   Section        0  heap_4.o(i.prvHeapInit)
    prvHeapInit                              0x08001285   Thumb Code    98  heap_4.o(i.prvHeapInit)
    i.prvIdleTask                            0x08001300   Section        0  tasks.o(i.prvIdleTask)
    prvIdleTask                              0x08001301   Thumb Code    32  tasks.o(i.prvIdleTask)
    i.prvInitialiseNewQueue                  0x08001328   Section        0  queue.o(i.prvInitialiseNewQueue)
    prvInitialiseNewQueue                    0x08001329   Thumb Code    38  queue.o(i.prvInitialiseNewQueue)
    i.prvInitialiseNewTask                   0x0800134e   Section        0  tasks.o(i.prvInitialiseNewTask)
    prvInitialiseNewTask                     0x0800134f   Thumb Code   144  tasks.o(i.prvInitialiseNewTask)
    i.prvInitialiseTaskLists                 0x080013e0   Section        0  tasks.o(i.prvInitialiseTaskLists)
    prvInitialiseTaskLists                   0x080013e1   Thumb Code    70  tasks.o(i.prvInitialiseTaskLists)
    i.prvInsertBlockIntoFreeList             0x08001448   Section        0  heap_4.o(i.prvInsertBlockIntoFreeList)
    prvInsertBlockIntoFreeList               0x08001449   Thumb Code    96  heap_4.o(i.prvInsertBlockIntoFreeList)
    i.prvResetNextTaskUnblockTime            0x080014b0   Section        0  tasks.o(i.prvResetNextTaskUnblockTime)
    prvResetNextTaskUnblockTime              0x080014b1   Thumb Code    40  tasks.o(i.prvResetNextTaskUnblockTime)
    i.prvTaskExitError                       0x080014e0   Section        0  port.o(i.prvTaskExitError)
    prvTaskExitError                         0x080014e1   Thumb Code    22  port.o(i.prvTaskExitError)
    i.pvPortMalloc                           0x080014f8   Section        0  heap_4.o(i.pvPortMalloc)
    i.pxPortInitialiseStack                  0x080015f4   Section        0  port.o(i.pxPortInitialiseStack)
    i.soft_delay_ms                          0x08001618   Section        0  soft_delay.o(i.soft_delay_ms)
    i.soft_delay_us                          0x0800162e   Section        0  soft_delay.o(i.soft_delay_us)
    i.uxListRemove                           0x08001644   Section        0  list.o(i.uxListRemove)
    i.vListInitialise                        0x0800166c   Section        0  list.o(i.vListInitialise)
    i.vListInitialiseItem                    0x08001686   Section        0  list.o(i.vListInitialiseItem)
    i.vListInsertEnd                         0x0800168c   Section        0  list.o(i.vListInsertEnd)
    i.vPortEnterCritical                     0x080016a4   Section        0  port.o(i.vPortEnterCritical)
    i.vPortExitCritical                      0x080016c8   Section        0  port.o(i.vPortExitCritical)
    i.vPortFree                              0x080016e8   Section        0  heap_4.o(i.vPortFree)
    i.vPortSetupTimerInterrupt               0x08001740   Section        0  port.o(i.vPortSetupTimerInterrupt)
    i.vTaskDelete                            0x08001768   Section        0  tasks.o(i.vTaskDelete)
    i.vTaskStartScheduler                    0x08001834   Section        0  tasks.o(i.vTaskStartScheduler)
    i.vTaskSuspendAll                        0x080018a0   Section        0  tasks.o(i.vTaskSuspendAll)
    i.vTaskSwitchContext                     0x080018b0   Section        0  tasks.o(i.vTaskSwitchContext)
    i.xPortStartScheduler                    0x08001910   Section        0  port.o(i.xPortStartScheduler)
    i.xPortSysTickHandler                    0x08001944   Section        0  port.o(i.xPortSysTickHandler)
    i.xQueueGenericCreate                    0x08001978   Section        0  queue.o(i.xQueueGenericCreate)
    i.xQueueGenericReset                     0x080019ac   Section        0  queue.o(i.xQueueGenericReset)
    i.xQueueGiveFromISR                      0x08001a2c   Section        0  queue.o(i.xQueueGiveFromISR)
    i.xTaskCreate                            0x08001aa4   Section        0  tasks.o(i.xTaskCreate)
    i.xTaskIncrementTick                     0x08001b04   Section        0  tasks.o(i.xTaskIncrementTick)
    i.xTaskRemoveFromEventList               0x08001c20   Section        0  tasks.o(i.xTaskRemoveFromEventList)
    i.xTaskResumeAll                         0x08001ca0   Section        0  tasks.o(i.xTaskResumeAll)
    .data                                    0x20000000   Section       20  system_stm32f10x.o(.data)
    .data                                    0x20000014   Section       20  stm32f10x_rcc.o(.data)
    APBAHBPrescTable                         0x20000014   Data          16  stm32f10x_rcc.o(.data)
    ADCPrescTable                            0x20000024   Data           4  stm32f10x_rcc.o(.data)
    .data                                    0x20000028   Section      124  main.o(.data)
    Target_Usart                             0x20000028   Data          12  main.o(.data)
    TargetDMA_Channel                        0x20000034   Data          12  main.o(.data)
    OLED_Pin                                 0x20000040   Data          40  main.o(.data)
    OLED12864_InitCmd                        0x20000068   Data          28  main.o(.data)
    .data                                    0x200000a4   Section       24  isr.o(.data)
    Target_Usart                             0x200000a4   Data          12  isr.o(.data)
    TargetDMA_Channel                        0x200000b0   Data          12  isr.o(.data)
    .data                                    0x200000bc   Section       24  bsp_usart.o(.data)
    Target_Usart                             0x200000bc   Data          12  bsp_usart.o(.data)
    TargetDMA_Channel                        0x200000c8   Data          12  bsp_usart.o(.data)
    .data                                    0x200000d4   Section       68  bsp_oled12864.o(.data)
    OLED_Pin                                 0x200000d4   Data          40  bsp_oled12864.o(.data)
    OLED12864_InitCmd                        0x200000fc   Data          28  bsp_oled12864.o(.data)
    .data                                    0x20000118   Section        4  port.o(.data)
    uxCriticalNesting                        0x20000118   Data           4  port.o(.data)
    .data                                    0x2000011c   Section       32  heap_4.o(.data)
    xStart                                   0x2000011c   Data           8  heap_4.o(.data)
    pxEnd                                    0x20000124   Data           4  heap_4.o(.data)
    xFreeBytesRemaining                      0x20000128   Data           4  heap_4.o(.data)
    xMinimumEverFreeBytesRemaining           0x2000012c   Data           4  heap_4.o(.data)
    xNumberOfSuccessfulAllocations           0x20000130   Data           4  heap_4.o(.data)
    xNumberOfSuccessfulFrees                 0x20000134   Data           4  heap_4.o(.data)
    xBlockAllocatedBit                       0x20000138   Data           4  heap_4.o(.data)
    .data                                    0x2000013c   Section       64  tasks.o(.data)
    pxDelayedTaskList                        0x20000140   Data           4  tasks.o(.data)
    pxOverflowDelayedTaskList                0x20000144   Data           4  tasks.o(.data)
    uxDeletedTasksWaitingCleanUp             0x20000148   Data           4  tasks.o(.data)
    uxCurrentNumberOfTasks                   0x2000014c   Data           4  tasks.o(.data)
    xTickCount                               0x20000150   Data           4  tasks.o(.data)
    uxTopReadyPriority                       0x20000154   Data           4  tasks.o(.data)
    xSchedulerRunning                        0x20000158   Data           4  tasks.o(.data)
    xPendedTicks                             0x2000015c   Data           4  tasks.o(.data)
    xYieldPending                            0x20000160   Data           4  tasks.o(.data)
    xNumOfOverflows                          0x20000164   Data           4  tasks.o(.data)
    uxTaskNumber                             0x20000168   Data           4  tasks.o(.data)
    xNextTaskUnblockTime                     0x2000016c   Data           4  tasks.o(.data)
    xIdleTaskHandle                          0x20000170   Data           4  tasks.o(.data)
    uxSchedulerSuspended                     0x20000178   Data           4  tasks.o(.data)
    .data                                    0x2000017c   Section        4  stdout.o(.data)
    .bss                                     0x20000180   Section      384  bsp_usart.o(.bss)
    USART_Rx_Sbuffer                         0x20000180   Data         192  bsp_usart.o(.bss)
    USART_Tx_Sbuffer                         0x20000240   Data         192  bsp_usart.o(.bss)
    .bss                                     0x20000300   Section     1024  bsp_oled12864.o(.bss)
    OLED12864_Sbuffer                        0x20000300   Data        1024  bsp_oled12864.o(.bss)
    .bss                                     0x20000700   Section    16384  heap_4.o(.bss)
    ucHeap                                   0x20000700   Data       16384  heap_4.o(.bss)
    .bss                                     0x20004700   Section      420  tasks.o(.bss)
    pxReadyTasksLists                        0x20004700   Data         320  tasks.o(.bss)
    xDelayedTaskList1                        0x20004840   Data          20  tasks.o(.bss)
    xDelayedTaskList2                        0x20004854   Data          20  tasks.o(.bss)
    xPendingReadyList                        0x20004868   Data          20  tasks.o(.bss)
    xTasksWaitingTermination                 0x2000487c   Data          20  tasks.o(.bss)
    xSuspendedTaskList                       0x20004890   Data          20  tasks.o(.bss)
    STACK                                    0x200048a8   Section     1024  startup_stm32f10x_hd.o(STACK)

    Global Symbols

    Symbol Name                              Value     Ov Type        Size  Object(Section)

    BuildAttributes$$THM_ISAv4$P$D$K$B$S$PE$A:L22UL41UL21$X:L11$S22US41US21$IEEE1$IW$USESV6$~STKCKD$USESV7$~SHL$OSPACE$ROPI$EBA8$MICROLIB$REQ8$PRES8$EABIv2 0x00000000   Number         0  anon$$obj.o ABSOLUTE
    __ARM_use_no_argv                        0x00000000   Number         0  main.o ABSOLUTE
    __cpp_initialize__aeabi_                  - Undefined Weak Reference
    __cxa_finalize                            - Undefined Weak Reference
    _clock_init                               - Undefined Weak Reference
    _microlib_exit                            - Undefined Weak Reference
    __Vectors_Size                           0x00000130   Number         0  startup_stm32f10x_hd.o ABSOLUTE
    __Vectors                                0x08000000   Data           4  startup_stm32f10x_hd.o(RESET)
    __Vectors_End                            0x08000130   Data           0  startup_stm32f10x_hd.o(RESET)
    __main                                   0x08000131   Thumb Code     0  entry.o(.ARM.Collect$$$$00000000)
    _main_stk                                0x08000131   Thumb Code     0  entry2.o(.ARM.Collect$$$$00000001)
    _main_scatterload                        0x08000135   Thumb Code     0  entry5.o(.ARM.Collect$$$$00000004)
    __main_after_scatterload                 0x08000139   Thumb Code     0  entry5.o(.ARM.Collect$$$$00000004)
    _main_clock                              0x08000139   Thumb Code     0  entry7b.o(.ARM.Collect$$$$00000008)
    _main_cpp_init                           0x08000139   Thumb Code     0  entry8b.o(.ARM.Collect$$$$0000000A)
    _main_init                               0x08000139   Thumb Code     0  entry9a.o(.ARM.Collect$$$$0000000B)
    __rt_final_cpp                           0x08000141   Thumb Code     0  entry10a.o(.ARM.Collect$$$$0000000D)
    __rt_final_exit                          0x08000141   Thumb Code     0  entry11a.o(.ARM.Collect$$$$0000000F)
    vPortSVCHandler                          0x08000145   Thumb Code    32  port.o(.emb_text)
    __asm___6_port_c_39a90d8d__prvStartFirstTask 0x08000169   Thumb Code    28  port.o(.emb_text)
    xPortPendSVHandler                       0x08000189   Thumb Code    72  port.o(.emb_text)
    vPortGetIPSR                             0x080001d5   Thumb Code     6  port.o(.emb_text)
    Reset_Handler                            0x080001dd   Thumb Code     8  startup_stm32f10x_hd.o(.text)
    ADC1_2_IRQHandler                        0x080001f7   Thumb Code     0  startup_stm32f10x_hd.o(.text)
    ADC3_IRQHandler                          0x080001f7   Thumb Code     0  startup_stm32f10x_hd.o(.text)
    CAN1_RX1_IRQHandler                      0x080001f7   Thumb Code     0  startup_stm32f10x_hd.o(.text)
    CAN1_SCE_IRQHandler                      0x080001f7   Thumb Code     0  startup_stm32f10x_hd.o(.text)
    DMA1_Channel1_IRQHandler                 0x080001f7   Thumb Code     0  startup_stm32f10x_hd.o(.text)
    DMA1_Channel3_IRQHandler                 0x080001f7   Thumb Code     0  startup_stm32f10x_hd.o(.text)
    DMA1_Channel5_IRQHandler                 0x080001f7   Thumb Code     0  startup_stm32f10x_hd.o(.text)
    DMA1_Channel6_IRQHandler                 0x080001f7   Thumb Code     0  startup_stm32f10x_hd.o(.text)
    DMA2_Channel1_IRQHandler                 0x080001f7   Thumb Code     0  startup_stm32f10x_hd.o(.text)
    DMA2_Channel2_IRQHandler                 0x080001f7   Thumb Code     0  startup_stm32f10x_hd.o(.text)
    DMA2_Channel3_IRQHandler                 0x080001f7   Thumb Code     0  startup_stm32f10x_hd.o(.text)
    DMA2_Channel4_5_IRQHandler               0x080001f7   Thumb Code     0  startup_stm32f10x_hd.o(.text)
    EXTI0_IRQHandler                         0x080001f7   Thumb Code     0  startup_stm32f10x_hd.o(.text)
    EXTI15_10_IRQHandler                     0x080001f7   Thumb Code     0  startup_stm32f10x_hd.o(.text)
    EXTI1_IRQHandler                         0x080001f7   Thumb Code     0  startup_stm32f10x_hd.o(.text)
    EXTI2_IRQHandler                         0x080001f7   Thumb Code     0  startup_stm32f10x_hd.o(.text)
    EXTI3_IRQHandler                         0x080001f7   Thumb Code     0  startup_stm32f10x_hd.o(.text)
    EXTI4_IRQHandler                         0x080001f7   Thumb Code     0  startup_stm32f10x_hd.o(.text)
    EXTI9_5_IRQHandler                       0x080001f7   Thumb Code     0  startup_stm32f10x_hd.o(.text)
    FLASH_IRQHandler                         0x080001f7   Thumb Code     0  startup_stm32f10x_hd.o(.text)
    FSMC_IRQHandler                          0x080001f7   Thumb Code     0  startup_stm32f10x_hd.o(.text)
    I2C1_ER_IRQHandler                       0x080001f7   Thumb Code     0  startup_stm32f10x_hd.o(.text)
    I2C1_EV_IRQHandler                       0x080001f7   Thumb Code     0  startup_stm32f10x_hd.o(.text)
    I2C2_ER_IRQHandler                       0x080001f7   Thumb Code     0  startup_stm32f10x_hd.o(.text)
    I2C2_EV_IRQHandler                       0x080001f7   Thumb Code     0  startup_stm32f10x_hd.o(.text)
    PVD_IRQHandler                           0x080001f7   Thumb Code     0  startup_stm32f10x_hd.o(.text)
    RCC_IRQHandler                           0x080001f7   Thumb Code     0  startup_stm32f10x_hd.o(.text)
    RTCAlarm_IRQHandler                      0x080001f7   Thumb Code     0  startup_stm32f10x_hd.o(.text)
    RTC_IRQHandler                           0x080001f7   Thumb Code     0  startup_stm32f10x_hd.o(.text)
    SDIO_IRQHandler                          0x080001f7   Thumb Code     0  startup_stm32f10x_hd.o(.text)
    SPI1_IRQHandler                          0x080001f7   Thumb Code     0  startup_stm32f10x_hd.o(.text)
    SPI2_IRQHandler                          0x080001f7   Thumb Code     0  startup_stm32f10x_hd.o(.text)
    SPI3_IRQHandler                          0x080001f7   Thumb Code     0  startup_stm32f10x_hd.o(.text)
    TAMPER_IRQHandler                        0x080001f7   Thumb Code     0  startup_stm32f10x_hd.o(.text)
    TIM1_BRK_IRQHandler                      0x080001f7   Thumb Code     0  startup_stm32f10x_hd.o(.text)
    TIM1_CC_IRQHandler                       0x080001f7   Thumb Code     0  startup_stm32f10x_hd.o(.text)
    TIM1_TRG_COM_IRQHandler                  0x080001f7   Thumb Code     0  startup_stm32f10x_hd.o(.text)
    TIM1_UP_IRQHandler                       0x080001f7   Thumb Code     0  startup_stm32f10x_hd.o(.text)
    TIM2_IRQHandler                          0x080001f7   Thumb Code     0  startup_stm32f10x_hd.o(.text)
    TIM3_IRQHandler                          0x080001f7   Thumb Code     0  startup_stm32f10x_hd.o(.text)
    TIM4_IRQHandler                          0x080001f7   Thumb Code     0  startup_stm32f10x_hd.o(.text)
    TIM5_IRQHandler                          0x080001f7   Thumb Code     0  startup_stm32f10x_hd.o(.text)
    TIM6_IRQHandler                          0x080001f7   Thumb Code     0  startup_stm32f10x_hd.o(.text)
    TIM7_IRQHandler                          0x080001f7   Thumb Code     0  startup_stm32f10x_hd.o(.text)
    TIM8_BRK_IRQHandler                      0x080001f7   Thumb Code     0  startup_stm32f10x_hd.o(.text)
    TIM8_CC_IRQHandler                       0x080001f7   Thumb Code     0  startup_stm32f10x_hd.o(.text)
    TIM8_TRG_COM_IRQHandler                  0x080001f7   Thumb Code     0  startup_stm32f10x_hd.o(.text)
    TIM8_UP_IRQHandler                       0x080001f7   Thumb Code     0  startup_stm32f10x_hd.o(.text)
    UART4_IRQHandler                         0x080001f7   Thumb Code     0  startup_stm32f10x_hd.o(.text)
    UART5_IRQHandler                         0x080001f7   Thumb Code     0  startup_stm32f10x_hd.o(.text)
    USBWakeUp_IRQHandler                     0x080001f7   Thumb Code     0  startup_stm32f10x_hd.o(.text)
    USB_HP_CAN1_TX_IRQHandler                0x080001f7   Thumb Code     0  startup_stm32f10x_hd.o(.text)
    USB_LP_CAN1_RX0_IRQHandler               0x080001f7   Thumb Code     0  startup_stm32f10x_hd.o(.text)
    WWDG_IRQHandler                          0x080001f7   Thumb Code     0  startup_stm32f10x_hd.o(.text)
    __scatterload                            0x08000201   Thumb Code    28  init.o(.text)
    __scatterload_rt2                        0x08000201   Thumb Code     0  init.o(.text)
    __decompress                             0x08000225   Thumb Code     0  __dczerorl2.o(.text)
    __decompress1                            0x08000225   Thumb Code    86  __dczerorl2.o(.text)
    BSP_OLED12864_Init                       0x0800027b   Thumb Code    12  bsp_oled12864.o(i.BSP_OLED12864_Init)
    BSP_Usart_Init                           0x08000289   Thumb Code    44  bsp_usart.o(i.BSP_Usart_Init)
    BusFault_Handler                         0x080002b9   Thumb Code     4  stm32f10x_it.o(i.BusFault_Handler)
    DMA1_Channel2_IRQHandler                 0x080002bd   Thumb Code    44  isr.o(i.DMA1_Channel2_IRQHandler)
    DMA1_Channel4_IRQHandler                 0x080002ed   Thumb Code    46  isr.o(i.DMA1_Channel4_IRQHandler)
    DMA1_Channel7_IRQHandler                 0x08000321   Thumb Code    48  isr.o(i.DMA1_Channel7_IRQHandler)
    DMA_ClearFlag                            0x08000355   Thumb Code    18  stm32f10x_dma.o(i.DMA_ClearFlag)
    DMA_ClearITPendingBit                    0x08000371   Thumb Code    18  stm32f10x_dma.o(i.DMA_ClearITPendingBit)
    DMA_GetITStatus                          0x0800038d   Thumb Code    36  stm32f10x_dma.o(i.DMA_GetITStatus)
    DMA_ITConfig                             0x080003b9   Thumb Code    18  stm32f10x_dma.o(i.DMA_ITConfig)
    DMA_Init                                 0x080003cb   Thumb Code    60  stm32f10x_dma.o(i.DMA_Init)
    DebugMon_Handler                         0x08000407   Thumb Code     2  stm32f10x_it.o(i.DebugMon_Handler)
    GPIO_Init                                0x08000409   Thumb Code   278  stm32f10x_gpio.o(i.GPIO_Init)
    GPIO_ResetBits                           0x0800051f   Thumb Code     4  stm32f10x_gpio.o(i.GPIO_ResetBits)
    GPIO_SetBits                             0x08000523   Thumb Code     4  stm32f10x_gpio.o(i.GPIO_SetBits)
    HardFault_Handler                        0x08000527   Thumb Code     4  stm32f10x_it.o(i.HardFault_Handler)
    MemManage_Handler                        0x0800052b   Thumb Code     4  stm32f10x_it.o(i.MemManage_Handler)
    NMI_Handler                              0x0800052f   Thumb Code     2  stm32f10x_it.o(i.NMI_Handler)
    NVIC_Init                                0x08000531   Thumb Code   100  misc.o(i.NVIC_Init)
    NVIC_PriorityGroupConfig                 0x080005a1   Thumb Code    10  misc.o(i.NVIC_PriorityGroupConfig)
    OLED12864_Clear                          0x080005b5   Thumb Code    42  bsp_oled12864.o(i.OLED12864_Clear)
    OLED12864_GPIO_Init                      0x080005e5   Thumb Code    84  bsp_oled12864.o(i.OLED12864_GPIO_Init)
    OLED12864_Hard_Reset                     0x0800063d   Thumb Code    38  bsp_oled12864.o(i.OLED12864_Hard_Reset)
    OLED12864_Refresh                        0x08000669   Thumb Code    38  bsp_oled12864.o(i.OLED12864_Refresh)
    OLED12864_Reset_Bit                      0x08000695   Thumb Code    22  bsp_oled12864.o(i.OLED12864_Reset_Bit)
    OLED12864_Send_Cmd                       0x080006b1   Thumb Code    78  bsp_oled12864.o(i.OLED12864_Send_Cmd)
    OLED12864_Send_Data                      0x080006ff   Thumb Code    76  bsp_oled12864.o(i.OLED12864_Send_Data)
    OLED12864_Send_NumByte                   0x0800074d   Thumb Code    46  bsp_oled12864.o(i.OLED12864_Send_NumByte)
    OLED12864_Set_Bit                        0x08000785   Thumb Code    22  bsp_oled12864.o(i.OLED12864_Set_Bit)
    OLED12864_Set_Position                   0x080007a1   Thumb Code    40  bsp_oled12864.o(i.OLED12864_Set_Position)
    RCC_AHBPeriphClockCmd                    0x080007c9   Thumb Code    26  stm32f10x_rcc.o(i.RCC_AHBPeriphClockCmd)
    RCC_APB1PeriphClockCmd                   0x080007e9   Thumb Code    26  stm32f10x_rcc.o(i.RCC_APB1PeriphClockCmd)
    RCC_APB2PeriphClockCmd                   0x08000809   Thumb Code    26  stm32f10x_rcc.o(i.RCC_APB2PeriphClockCmd)
    RCC_GetClocksFreq                        0x08000829   Thumb Code   192  stm32f10x_rcc.o(i.RCC_GetClocksFreq)
    Rx_SbufferInput                          0x080008fd   Thumb Code    72  bsp_usart.o(i.Rx_SbufferInput)
    SystemInit                               0x08000a31   Thumb Code    78  system_stm32f10x.o(i.SystemInit)
    System_Init_Task                         0x08000a91   Thumb Code   152  main.o(i.System_Init_Task)
    Tx_Flag_Clear                            0x08000b8d   Thumb Code    14  bsp_usart.o(i.Tx_Flag_Clear)
    USART1_IRQHandler                        0x08000ba1   Thumb Code   100  isr.o(i.USART1_IRQHandler)
    USART2_IRQHandler                        0x08000c11   Thumb Code    44  isr.o(i.USART2_IRQHandler)
    USART3_IRQHandler                        0x08000c45   Thumb Code    44  isr.o(i.USART3_IRQHandler)
    USART_ClearITPendingBit                  0x08000c75   Thumb Code    30  stm32f10x_usart.o(i.USART_ClearITPendingBit)
    USART_Cmd                                0x08000c93   Thumb Code    24  stm32f10x_usart.o(i.USART_Cmd)
    USART_Config                             0x08000cad   Thumb Code    84  bsp_usart.o(i.USART_Config)
    USART_DMACmd                             0x08000d05   Thumb Code    18  stm32f10x_usart.o(i.USART_DMACmd)
    USART_DMA_Config                         0x08000d19   Thumb Code   200  bsp_usart.o(i.USART_DMA_Config)
    USART_GPIO_Init                          0x08000ded   Thumb Code   102  bsp_usart.o(i.USART_GPIO_Init)
    USART_GetFlagStatus                      0x08000e5d   Thumb Code    26  stm32f10x_usart.o(i.USART_GetFlagStatus)
    USART_GetITStatus                        0x08000e77   Thumb Code    84  stm32f10x_usart.o(i.USART_GetITStatus)
    USART_ITConfig                           0x08000ecb   Thumb Code    74  stm32f10x_usart.o(i.USART_ITConfig)
    USART_Init                               0x08000f15   Thumb Code   210  stm32f10x_usart.o(i.USART_Init)
    USART_NVIC_Config                        0x08000fed   Thumb Code   122  bsp_usart.o(i.USART_NVIC_Config)
    USART_ReceiveData                        0x08001075   Thumb Code    10  stm32f10x_usart.o(i.USART_ReceiveData)
    USART_SendData                           0x0800107f   Thumb Code     8  stm32f10x_usart.o(i.USART_SendData)
    UsageFault_Handler                       0x08001087   Thumb Code     4  stm32f10x_it.o(i.UsageFault_Handler)
    Usart_BusyCheck                          0x0800108d   Thumb Code    22  bsp_usart.o(i.Usart_BusyCheck)
    Usart_Read                               0x080010a9   Thumb Code    12  bsp_usart.o(i.Usart_Read)
    Usart_Rx_Task                            0x080010b9   Thumb Code     4  main.o(i.Usart_Rx_Task)
    Usart_Send_Task                          0x080010bd   Thumb Code     4  main.o(i.Usart_Send_Task)
    __0printf$bare                           0x080010c1   Thumb Code     8  printfb.o(i.__0printf$bare)
    __1printf$bare                           0x080010c1   Thumb Code     0  printfb.o(i.__0printf$bare)
    __2printf                                0x080010c1   Thumb Code     0  printfb.o(i.__0printf$bare)
    __scatterload_copy                       0x080010d1   Thumb Code    14  handlers.o(i.__scatterload_copy)
    __scatterload_null                       0x080010df   Thumb Code     2  handlers.o(i.__scatterload_null)
    __scatterload_zeroinit                   0x080010e1   Thumb Code    14  handlers.o(i.__scatterload_zeroinit)
    fputc                                    0x08001111   Thumb Code    44  bsp_usart.o(i.fputc)
    main                                     0x08001141   Thumb Code    30  main.o(i.main)
    pvPortMalloc                             0x080014f9   Thumb Code   228  heap_4.o(i.pvPortMalloc)
    pxPortInitialiseStack                    0x080015f5   Thumb Code    30  port.o(i.pxPortInitialiseStack)
    soft_delay_ms                            0x08001619   Thumb Code    22  soft_delay.o(i.soft_delay_ms)
    soft_delay_us                            0x0800162f   Thumb Code    22  soft_delay.o(i.soft_delay_us)
    uxListRemove                             0x08001645   Thumb Code    40  list.o(i.uxListRemove)
    vListInitialise                          0x0800166d   Thumb Code    26  list.o(i.vListInitialise)
    vListInitialiseItem                      0x08001687   Thumb Code     6  list.o(i.vListInitialiseItem)
    vListInsertEnd                           0x0800168d   Thumb Code    24  list.o(i.vListInsertEnd)
    vPortEnterCritical                       0x080016a5   Thumb Code    30  port.o(i.vPortEnterCritical)
    vPortExitCritical                        0x080016c9   Thumb Code    28  port.o(i.vPortExitCritical)
    vPortFree                                0x080016e9   Thumb Code    74  heap_4.o(i.vPortFree)
    vPortSetupTimerInterrupt                 0x08001741   Thumb Code    34  port.o(i.vPortSetupTimerInterrupt)
    vTaskDelete                              0x08001769   Thumb Code   166  tasks.o(i.vTaskDelete)
    vTaskStartScheduler                      0x08001835   Thumb Code    76  tasks.o(i.vTaskStartScheduler)
    vTaskSuspendAll                          0x080018a1   Thumb Code    12  tasks.o(i.vTaskSuspendAll)
    vTaskSwitchContext                       0x080018b1   Thumb Code    76  tasks.o(i.vTaskSwitchContext)
    xPortStartScheduler                      0x08001911   Thumb Code    42  port.o(i.xPortStartScheduler)
    xPortSysTickHandler                      0x08001945   Thumb Code    46  port.o(i.xPortSysTickHandler)
    xQueueGenericCreate                      0x08001979   Thumb Code    52  queue.o(i.xQueueGenericCreate)
    xQueueGenericReset                       0x080019ad   Thumb Code   122  queue.o(i.xQueueGenericReset)
    xQueueGiveFromISR                        0x08001a2d   Thumb Code   120  queue.o(i.xQueueGiveFromISR)
    xTaskCreate                              0x08001aa5   Thumb Code    96  tasks.o(i.xTaskCreate)
    xTaskIncrementTick                       0x08001b05   Thumb Code   238  tasks.o(i.xTaskIncrementTick)
    xTaskRemoveFromEventList                 0x08001c21   Thumb Code   104  tasks.o(i.xTaskRemoveFromEventList)
    xTaskResumeAll                           0x08001ca1   Thumb Code   196  tasks.o(i.xTaskResumeAll)
    Region$$Table$$Base                      0x08001d88   Number         0  anon$$obj.o(Region$$Table)
    Region$$Table$$Limit                     0x08001da8   Number         0  anon$$obj.o(Region$$Table)
    SystemCoreClock                          0x20000000   Data           4  system_stm32f10x.o(.data)
    AHBPrescTable                            0x20000004   Data          16  system_stm32f10x.o(.data)
    Init_TaskHandel                          0x20000084   Data           4  main.o(.data)
    Usart_Send_TaskHandle                    0x20000088   Data           4  main.o(.data)
    Usart_Rx_TaskHandle                      0x2000008c   Data           4  main.o(.data)
    OLED_Refresh_TaskHandle                  0x20000090   Data           4  main.o(.data)
    Cmd_Respond_TaskHandle                   0x20000094   Data           4  main.o(.data)
    Usart_Rx_Flag                            0x20000098   Data           4  main.o(.data)
    Usart_Rx_Cmd                             0x2000009c   Data           4  main.o(.data)
    User_Cmd_Queue                           0x200000a0   Data           4  main.o(.data)
    pxCurrentTCB                             0x2000013c   Data           4  tasks.o(.data)
    uxTopUsedPriority                        0x20000174   Data           4  tasks.o(.data)
    __stdout                                 0x2000017c   Data           4  stdout.o(.data)
    __initial_sp                             0x20004ca8   Data           0  startup_stm32f10x_hd.o(STACK)



==============================================================================

Memory Map of the image

  Image Entry point : 0x08000131

  Load Region LR_IROM1 (Base: 0x08000000, Size: 0x00001f28, Max: 0x00080000, ABSOLUTE, COMPRESSED[0x00001e18])

    Execution Region ER_IROM1 (Base: 0x08000000, Size: 0x00001da8, Max: 0x00080000, ABSOLUTE)

    Base Addr    Size         Type   Attr      Idx    E Section Name        Object

    0x08000000   0x00000130   Data   RO          132    RESET               startup_stm32f10x_hd.o
    0x08000130   0x00000000   Code   RO         2752  * .ARM.Collect$$$$00000000  mc_w.l(entry.o)
    0x08000130   0x00000004   Code   RO         3021    .ARM.Collect$$$$00000001  mc_w.l(entry2.o)
    0x08000134   0x00000004   Code   RO         3024    .ARM.Collect$$$$00000004  mc_w.l(entry5.o)
    0x08000138   0x00000000   Code   RO         3026    .ARM.Collect$$$$00000008  mc_w.l(entry7b.o)
    0x08000138   0x00000000   Code   RO         3028    .ARM.Collect$$$$0000000A  mc_w.l(entry8b.o)
    0x08000138   0x00000008   Code   RO         3029    .ARM.Collect$$$$0000000B  mc_w.l(entry9a.o)
    0x08000140   0x00000000   Code   RO         3031    .ARM.Collect$$$$0000000D  mc_w.l(entry10a.o)
    0x08000140   0x00000000   Code   RO         3033    .ARM.Collect$$$$0000000F  mc_w.l(entry11a.o)
    0x08000140   0x00000004   Code   RO         3022    .ARM.Collect$$$$00002712  mc_w.l(entry2.o)
    0x08000144   0x00000096   Code   RO         1854    .emb_text           port.o
    0x080001da   0x00000002   PAD
    0x080001dc   0x00000024   Code   RO          133    .text               startup_stm32f10x_hd.o
    0x08000200   0x00000024   Code   RO         3051    .text               mc_w.l(init.o)
    0x08000224   0x00000056   Code   RO         3069    .text               mc_w.l(__dczerorl2.o)
    0x0800027a   0x0000000c   Code   RO         1764    i.BSP_OLED12864_Init  bsp_oled12864.o
    0x08000286   0x00000002   PAD
    0x08000288   0x00000030   Code   RO         1673    i.BSP_Usart_Init    bsp_usart.o
    0x080002b8   0x00000004   Code   RO         1537    i.BusFault_Handler  stm32f10x_it.o
    0x080002bc   0x00000030   Code   RO         1600    i.DMA1_Channel2_IRQHandler  isr.o
    0x080002ec   0x00000034   Code   RO         1601    i.DMA1_Channel4_IRQHandler  isr.o
    0x08000320   0x00000034   Code   RO         1602    i.DMA1_Channel7_IRQHandler  isr.o
    0x08000354   0x0000001c   Code   RO          274    i.DMA_ClearFlag     stm32f10x_dma.o
    0x08000370   0x0000001c   Code   RO          275    i.DMA_ClearITPendingBit  stm32f10x_dma.o
    0x0800038c   0x0000002c   Code   RO          280    i.DMA_GetITStatus   stm32f10x_dma.o
    0x080003b8   0x00000012   Code   RO          281    i.DMA_ITConfig      stm32f10x_dma.o
    0x080003ca   0x0000003c   Code   RO          282    i.DMA_Init          stm32f10x_dma.o
    0x08000406   0x00000002   Code   RO         1538    i.DebugMon_Handler  stm32f10x_it.o
    0x08000408   0x00000116   Code   RO          406    i.GPIO_Init         stm32f10x_gpio.o
    0x0800051e   0x00000004   Code   RO          413    i.GPIO_ResetBits    stm32f10x_gpio.o
    0x08000522   0x00000004   Code   RO          414    i.GPIO_SetBits      stm32f10x_gpio.o
    0x08000526   0x00000004   Code   RO         1539    i.HardFault_Handler  stm32f10x_it.o
    0x0800052a   0x00000004   Code   RO         1540    i.MemManage_Handler  stm32f10x_it.o
    0x0800052e   0x00000002   Code   RO         1541    i.NMI_Handler       stm32f10x_it.o
    0x08000530   0x00000070   Code   RO          137    i.NVIC_Init         misc.o
    0x080005a0   0x00000014   Code   RO          138    i.NVIC_PriorityGroupConfig  misc.o
    0x080005b4   0x00000030   Code   RO         1765    i.OLED12864_Clear   bsp_oled12864.o
    0x080005e4   0x00000058   Code   RO         1767    i.OLED12864_GPIO_Init  bsp_oled12864.o
    0x0800063c   0x0000002c   Code   RO         1768    i.OLED12864_Hard_Reset  bsp_oled12864.o
    0x08000668   0x0000002c   Code   RO         1769    i.OLED12864_Refresh  bsp_oled12864.o
    0x08000694   0x0000001c   Code   RO         1770    i.OLED12864_Reset_Bit  bsp_oled12864.o
    0x080006b0   0x0000004e   Code   RO         1771    i.OLED12864_Send_Cmd  bsp_oled12864.o
    0x080006fe   0x0000004c   Code   RO         1772    i.OLED12864_Send_Data  bsp_oled12864.o
    0x0800074a   0x00000002   PAD
    0x0800074c   0x00000038   Code   RO         1773    i.OLED12864_Send_NumByte  bsp_oled12864.o
    0x08000784   0x0000001c   Code   RO         1774    i.OLED12864_Set_Bit  bsp_oled12864.o
    0x080007a0   0x00000028   Code   RO         1775    i.OLED12864_Set_Position  bsp_oled12864.o
    0x080007c8   0x00000020   Code   RO          515    i.RCC_AHBPeriphClockCmd  stm32f10x_rcc.o
    0x080007e8   0x00000020   Code   RO          516    i.RCC_APB1PeriphClockCmd  stm32f10x_rcc.o
    0x08000808   0x00000020   Code   RO          518    i.RCC_APB2PeriphClockCmd  stm32f10x_rcc.o
    0x08000828   0x000000d4   Code   RO          526    i.RCC_GetClocksFreq  stm32f10x_rcc.o
    0x080008fc   0x0000004c   Code   RO         1674    i.Rx_SbufferInput   bsp_usart.o
    0x08000948   0x00000008   Code   RO           17    i.SetSysClock       system_stm32f10x.o
    0x08000950   0x000000e0   Code   RO           18    i.SetSysClockTo72   system_stm32f10x.o
    0x08000a30   0x00000060   Code   RO           20    i.SystemInit        system_stm32f10x.o
    0x08000a90   0x000000fc   Code   RO         1444    i.System_Init_Task  main.o
    0x08000b8c   0x00000014   Code   RO         1675    i.Tx_Flag_Clear     bsp_usart.o
    0x08000ba0   0x00000070   Code   RO         1603    i.USART1_IRQHandler  isr.o
    0x08000c10   0x00000034   Code   RO         1604    i.USART2_IRQHandler  isr.o
    0x08000c44   0x00000030   Code   RO         1605    i.USART3_IRQHandler  isr.o
    0x08000c74   0x0000001e   Code   RO         1263    i.USART_ClearITPendingBit  stm32f10x_usart.o
    0x08000c92   0x00000018   Code   RO         1266    i.USART_Cmd         stm32f10x_usart.o
    0x08000caa   0x00000002   PAD
    0x08000cac   0x00000058   Code   RO         1677    i.USART_Config      bsp_usart.o
    0x08000d04   0x00000012   Code   RO         1267    i.USART_DMACmd      stm32f10x_usart.o
    0x08000d16   0x00000002   PAD
    0x08000d18   0x000000d4   Code   RO         1678    i.USART_DMA_Config  bsp_usart.o
    0x08000dec   0x00000070   Code   RO         1679    i.USART_GPIO_Init   bsp_usart.o
    0x08000e5c   0x0000001a   Code   RO         1269    i.USART_GetFlagStatus  stm32f10x_usart.o
    0x08000e76   0x00000054   Code   RO         1270    i.USART_GetITStatus  stm32f10x_usart.o
    0x08000eca   0x0000004a   Code   RO         1272    i.USART_ITConfig    stm32f10x_usart.o
    0x08000f14   0x000000d8   Code   RO         1273    i.USART_Init        stm32f10x_usart.o
    0x08000fec   0x00000088   Code   RO         1680    i.USART_NVIC_Config  bsp_usart.o
    0x08001074   0x0000000a   Code   RO         1280    i.USART_ReceiveData  stm32f10x_usart.o
    0x0800107e   0x00000008   Code   RO         1283    i.USART_SendData    stm32f10x_usart.o
    0x08001086   0x00000004   Code   RO         1545    i.UsageFault_Handler  stm32f10x_it.o
    0x0800108a   0x00000002   PAD
    0x0800108c   0x0000001c   Code   RO         1682    i.Usart_BusyCheck   bsp_usart.o
    0x080010a8   0x00000010   Code   RO         1683    i.Usart_Read        bsp_usart.o
    0x080010b8   0x00000004   Code   RO         1445    i.Usart_Rx_Task     main.o
    0x080010bc   0x00000004   Code   RO         1446    i.Usart_Send_Task   main.o
    0x080010c0   0x00000010   Code   RO         2762    i.__0printf$bare    mc_w.l(printfb.o)
    0x080010d0   0x0000000e   Code   RO         3063    i.__scatterload_copy  mc_w.l(handlers.o)
    0x080010de   0x00000002   Code   RO         3064    i.__scatterload_null  mc_w.l(handlers.o)
    0x080010e0   0x0000000e   Code   RO         3065    i.__scatterload_zeroinit  mc_w.l(handlers.o)
    0x080010ee   0x00000022   Code   RO         2769    i._printf_core      mc_w.l(printfb.o)
    0x08001110   0x00000030   Code   RO         1685    i.fputc             bsp_usart.o
    0x08001140   0x00000034   Code   RO         1447    i.main              main.o
    0x08001174   0x000000b4   Code   RO         2426    i.prvAddNewTaskToReadyList  tasks.o
    0x08001228   0x00000048   Code   RO         2427    i.prvCheckTasksWaitingTermination  tasks.o
    0x08001270   0x00000012   Code   RO         2428    i.prvDeleteTCB      tasks.o
    0x08001282   0x00000002   PAD
    0x08001284   0x0000007c   Code   RO         1931    i.prvHeapInit       heap_4.o
    0x08001300   0x00000028   Code   RO         2429    i.prvIdleTask       tasks.o
    0x08001328   0x00000026   Code   RO         2133    i.prvInitialiseNewQueue  queue.o
    0x0800134e   0x00000090   Code   RO         2430    i.prvInitialiseNewTask  tasks.o
    0x080013de   0x00000002   PAD
    0x080013e0   0x00000068   Code   RO         2431    i.prvInitialiseTaskLists  tasks.o
    0x08001448   0x00000068   Code   RO         1932    i.prvInsertBlockIntoFreeList  heap_4.o
    0x080014b0   0x00000030   Code   RO         2432    i.prvResetNextTaskUnblockTime  tasks.o
    0x080014e0   0x00000016   Code   RO         1855    i.prvTaskExitError  port.o
    0x080014f6   0x00000002   PAD
    0x080014f8   0x000000fc   Code   RO         1933    i.pvPortMalloc      heap_4.o
    0x080015f4   0x00000024   Code   RO         1856    i.pxPortInitialiseStack  port.o
    0x08001618   0x00000016   Code   RO         1652    i.soft_delay_ms     soft_delay.o
    0x0800162e   0x00000016   Code   RO         1653    i.soft_delay_us     soft_delay.o
    0x08001644   0x00000028   Code   RO         2093    i.uxListRemove      list.o
    0x0800166c   0x0000001a   Code   RO         2094    i.vListInitialise   list.o
    0x08001686   0x00000006   Code   RO         2095    i.vListInitialiseItem  list.o
    0x0800168c   0x00000018   Code   RO         2097    i.vListInsertEnd    list.o
    0x080016a4   0x00000024   Code   RO         1858    i.vPortEnterCritical  port.o
    0x080016c8   0x00000020   Code   RO         1859    i.vPortExitCritical  port.o
    0x080016e8   0x00000058   Code   RO         1934    i.vPortFree         heap_4.o
    0x08001740   0x00000028   Code   RO         1860    i.vPortSetupTimerInterrupt  port.o
    0x08001768   0x000000cc   Code   RO         2442    i.vTaskDelete       tasks.o
    0x08001834   0x0000006c   Code   RO         2454    i.vTaskStartScheduler  tasks.o
    0x080018a0   0x00000010   Code   RO         2456    i.vTaskSuspendAll   tasks.o
    0x080018b0   0x00000060   Code   RO         2457    i.vTaskSwitchContext  tasks.o
    0x08001910   0x00000034   Code   RO         1861    i.xPortStartScheduler  port.o
    0x08001944   0x00000034   Code   RO         1862    i.xPortSysTickHandler  port.o
    0x08001978   0x00000034   Code   RO         2142    i.xQueueGenericCreate  queue.o
    0x080019ac   0x00000080   Code   RO         2143    i.xQueueGenericReset  queue.o
    0x08001a2c   0x00000078   Code   RO         2146    i.xQueueGiveFromISR  queue.o
    0x08001aa4   0x00000060   Code   RO         2460    i.xTaskCreate       tasks.o
    0x08001b04   0x0000011c   Code   RO         2469    i.xTaskIncrementTick  tasks.o
    0x08001c20   0x00000080   Code   RO         2472    i.xTaskRemoveFromEventList  tasks.o
    0x08001ca0   0x000000e8   Code   RO         2473    i.xTaskResumeAll    tasks.o
    0x08001d88   0x00000020   Data   RO         3061    Region$$Table       anon$$obj.o


    Execution Region RW_IRAM1 (Base: 0x20000000, Size: 0x00004ca8, Max: 0x00010000, ABSOLUTE, COMPRESSED[0x00000070])

    Base Addr    Size         Type   Attr      Idx    E Section Name        Object

    0x20000000   0x00000014   Data   RW           21    .data               system_stm32f10x.o
    0x20000014   0x00000014   Data   RW          546    .data               stm32f10x_rcc.o
    0x20000028   0x0000007c   Data   RW         1449    .data               main.o
    0x200000a4   0x00000018   Data   RW         1607    .data               isr.o
    0x200000bc   0x00000018   Data   RW         1687    .data               bsp_usart.o
    0x200000d4   0x00000044   Data   RW         1777    .data               bsp_oled12864.o
    0x20000118   0x00000004   Data   RW         1863    .data               port.o
    0x2000011c   0x00000020   Data   RW         1940    .data               heap_4.o
    0x2000013c   0x00000040   Data   RW         2476    .data               tasks.o
    0x2000017c   0x00000004   Data   RW         3035    .data               mc_w.l(stdout.o)
    0x20000180   0x00000180   Zero   RW         1686    .bss                bsp_usart.o
    0x20000300   0x00000400   Zero   RW         1776    .bss                bsp_oled12864.o
    0x20000700   0x00004000   Zero   RW         1939    .bss                heap_4.o
    0x20004700   0x000001a4   Zero   RW         2475    .bss                tasks.o
    0x200048a4   0x00000004   PAD
    0x200048a8   0x00000400   Zero   RW          130    STACK               startup_stm32f10x_hd.o


==============================================================================

Image component sizes


      Code (inc. data)   RO Data    RW Data    ZI Data      Debug   Object Name

       542         44          0         68       1024       7667   bsp_oled12864.o
       784         68          0         24        384       6310   bsp_usart.o
         0          0          0          0          0       4540   core_cm3.o
         0          0          0          0          0      11120   event_groups.o
       568         72          0         32      16384       6067   heap_4.o
       364         38          0         24          0       2933   isr.o
        96          0          0          0          0       2408   list.o
       312        122          0        124          0      22933   main.o
       132         22          0          0          0     206103   misc.o
       420         50          0          4          0       8448   port.o
       338          6          0          0          0       6971   queue.o
        44          0          0          0          0        996   soft_delay.o
        36          8        304          0       1024        784   startup_stm32f10x_hd.o
       178         28          0          0          0       4188   stm32f10x_dma.o
       286          0          0          0          0       2840   stm32f10x_gpio.o
        20          0          0          0          0       2429   stm32f10x_it.o
       308         38          0         20          0       4734   stm32f10x_rcc.o
       490          6          0          0          0       6930   stm32f10x_usart.o
       328         28          0         20          0      34885   system_stm32f10x.o
      1770        292          0         64        420      24079   tasks.o

    ----------------------------------------------------------------------
      7034        822        336        380      19240     367365   Object Totals
         0          0         32          0          0          0   (incl. Generated)
        18          0          0          0          4          0   (incl. Padding)

    ----------------------------------------------------------------------

      Code (inc. data)   RO Data    RW Data    ZI Data      Debug   Library Member Name

        86          0          0          0          0          0   __dczerorl2.o
         0          0          0          0          0          0   entry.o
         0          0          0          0          0          0   entry10a.o
         0          0          0          0          0          0   entry11a.o
         8          4          0          0          0          0   entry2.o
         4          0          0          0          0          0   entry5.o
         0          0          0          0          0          0   entry7b.o
         0          0          0          0          0          0   entry8b.o
         8          4          0          0          0          0   entry9a.o
        30          0          0          0          0          0   handlers.o
        36          8          0          0          0         68   init.o
        50          8          0          0          0        152   printfb.o
         0          0          0          4          0          0   stdout.o

    ----------------------------------------------------------------------
       222         24          0          4          0        220   Library Totals
         0          0          0          0          0          0   (incl. Padding)

    ----------------------------------------------------------------------

      Code (inc. data)   RO Data    RW Data    ZI Data      Debug   Library Name

       222         24          0          4          0        220   mc_w.l

    ----------------------------------------------------------------------
       222         24          0          4          0        220   Library Totals

    ----------------------------------------------------------------------

==============================================================================


      Code (inc. data)   RO Data    RW Data    ZI Data      Debug   

      7256        846        336        384      19240     362773   Grand Totals
      7256        846        336        112      19240     362773   ELF Image Totals (compressed)
      7256        846        336        112          0          0   ROM Totals

==============================================================================

    Total RO  Size (Code + RO Data)                 7592 (   7.41kB)
    Total RW  Size (RW Data + ZI Data)             19624 (  19.16kB)
    Total ROM Size (Code + RO Data + RW Data)       7704 (   7.52kB)

==============================================================================

